2026-09-06T12:14:19.4776184Z Current runner version: '2.337.0'
2026-09-06T12:14:19.4811418Z ##[group]Runner Image Provisioner
2026-09-06T12:14:19.4812762Z Hosted Compute Agent
2026-09-06T12:14:19.4813710Z Version: 20260828.587
2026-09-06T12:14:19.4814866Z Commit: abac92662cab4cc7352de4f9f9d2e2419aad9c29
2026-09-06T12:14:19.4816147Z Build Date: 2026-08-28T16:44:25Z
2026-09-06T12:14:19.4817665Z Worker ID: {acd1bc0f-eb9b-4994-9dcf-04d99e2ad57c}
2026-09-06T12:14:19.4819062Z Azure Region: eastus
2026-09-06T12:14:19.4819956Z ##[endgroup]
2026-09-06T12:14:19.4822865Z ##[group]Operating System
2026-09-06T12:14:19.4823907Z Ubuntu
2026-09-06T12:14:19.4824780Z 24.04.4
2026-09-06T12:14:19.4825753Z LTS
2026-09-06T12:14:19.4826548Z ##[endgroup]
2026-09-06T12:14:19.4827938Z ##[group]Runner Image
2026-09-06T12:14:19.4829027Z Image: ubuntu-24.04
2026-09-06T12:14:19.4829931Z Version: 20260831.293.1
2026-09-06T12:14:19.4832077Z Included Software: https://github.com/actions/runner-images/blob/ubuntu24/20260831.293/images/ubuntu/Ubuntu2404-Readme.md
2026-09-06T12:14:19.4834857Z Image Release: https://github.com/actions/runner-images/releases/tag/ubuntu24%2F20260831.293
2026-09-06T12:14:19.4836547Z ##[endgroup]
2026-09-06T12:14:19.4838850Z ##[group]GITHUB_TOKEN Permissions
2026-09-06T12:14:19.4841668Z Contents: read
2026-09-06T12:14:19.4842709Z Metadata: read
2026-09-06T12:14:19.4843667Z ##[endgroup]
2026-09-06T12:14:19.4846613Z Secret source: Actions
2026-09-06T12:14:19.4849019Z Prepare workflow directory
2026-09-06T12:14:19.5411287Z Prepare all required actions
2026-09-06T12:14:19.5481951Z Getting action download info
2026-09-06T12:14:19.7703050Z Download action repository 'actions/checkout@de0fac2e4500dabe0009e67214ff5f5447ce83dd' (SHA:de0fac2e4500dabe0009e67214ff5f5447ce83dd)
2026-09-06T12:14:19.9286745Z Download action repository 'actions/setup-python@a309ff8b426b58ec0e2a45f0f869d46889d02405' (SHA:a309ff8b426b58ec0e2a45f0f869d46889d02405)
2026-09-06T12:14:20.1870965Z Complete job name: regression-python-3.14
2026-09-06T12:14:20.2664649Z ##[group]Run actions/checkout@de0fac2e4500dabe0009e67214ff5f5447ce83dd
2026-09-06T12:14:20.2665761Z with:
2026-09-06T12:14:20.2666213Z   persist-credentials: false
2026-09-06T12:14:20.2666765Z   repository: floxy-21/zerorun-mvp
2026-09-06T12:14:20.2671046Z   token: ***
2026-09-06T12:14:20.2671767Z   ssh-strict: true
2026-09-06T12:14:20.2672505Z   ssh-user: git
2026-09-06T12:14:20.2673229Z   clean: true
2026-09-06T12:14:20.2673977Z   sparse-checkout-cone-mode: true
2026-09-06T12:14:20.2674810Z   fetch-depth: 1
2026-09-06T12:14:20.2675495Z   fetch-tags: false
2026-09-06T12:14:20.2676229Z   show-progress: true
2026-09-06T12:14:20.2677151Z   lfs: false
2026-09-06T12:14:20.2677884Z   submodules: false
2026-09-06T12:14:20.2678638Z   set-safe-directory: true
2026-09-06T12:14:20.2679886Z env:
2026-09-06T12:14:20.2680580Z   CODEX_NPM_VERSION: 0.153.3
2026-09-06T12:14:20.2682409Z   CODEX_NPM_INTEGRITY: sha512-SwQns+YIXvaXV4a6RUd9twgTPJkkfZpuTNEkTtIkwBnfw6fpT61+d6gU1WHZxK6vWFNqJCBoJEP69FIAsoPduA==
2026-09-06T12:14:20.2685360Z   CODEX_LINUX_X64_NPM_INTEGRITY: sha512-CyLvuM9Ij7sQuNtnHrzHtF+DtNISaauZZakyhy+MoFS1XxKTGv3FN4/qh6c94YZtLStZ7aUmfYQz59V3PV4zng==
2026-09-06T12:14:20.2688147Z   GENERALIZATION_RUNTIME_LOCK_SHA256: a04f815c62754114a0f0a4b7db15d02c920e7c7d006d813ac9955be00482c02c
2026-09-06T12:14:20.2690552Z   GENERALIZATION_RUNTIME_IMAGE: docker.io/library/python@sha256:9c47360a2a0355e2da18516d0b1c2126ec22c195d2185e97347c9d98398c5bef
2026-09-06T12:14:20.2692442Z   GENERALIZATION_RUNTIME_IMPLEMENTATION: CPython
2026-09-06T12:14:20.2693505Z   GENERALIZATION_RUNTIME_PYTHON_VERSION: 3.12.14
2026-09-06T12:14:20.2694449Z ##[endgroup]
2026-09-06T12:14:20.4085881Z Syncing repository: floxy-21/zerorun-mvp
2026-09-06T12:14:20.4089727Z ##[group]Getting Git version info
2026-09-06T12:14:20.4091132Z Working directory is '/home/runner/work/zerorun-mvp/zerorun-mvp'
2026-09-06T12:14:20.4093037Z [command]/usr/bin/git version
2026-09-06T12:14:20.6778645Z git version 2.55.0
2026-09-06T12:14:20.6829057Z ##[endgroup]
2026-09-06T12:14:20.6839090Z Temporarily overriding HOME='/home/runner/work/_temp/b633e4c4-4c57-4b65-86e6-4bbdee4ac8c7' before making global git config changes
2026-09-06T12:14:20.6848435Z Adding repository directory to the temporary git global config as a safe directory
2026-09-06T12:14:20.6850876Z [command]/usr/bin/git config --global --add safe.directory /home/runner/work/zerorun-mvp/zerorun-mvp
2026-09-06T12:14:20.7376407Z Deleting the contents of '/home/runner/work/zerorun-mvp/zerorun-mvp'
2026-09-06T12:14:20.7378871Z ##[group]Initializing the repository
2026-09-06T12:14:20.7396348Z [command]/usr/bin/git init /home/runner/work/zerorun-mvp/zerorun-mvp
2026-09-06T12:14:21.0821447Z hint: Using 'master' as the name for the initial branch. This default branch name
2026-09-06T12:14:21.0829377Z hint: will change to "main" in Git 3.0. To configure the initial branch name
2026-09-06T12:14:21.0849354Z hint: to use in all of your new repositories, which will suppress this warning,
2026-09-06T12:14:21.0862643Z hint: call:
2026-09-06T12:14:21.0864876Z hint:
2026-09-06T12:14:21.0868601Z hint: 	git config --global init.defaultBranch <name>
2026-09-06T12:14:21.0869749Z hint:
2026-09-06T12:14:21.0870819Z hint: Names commonly chosen instead of 'master' are 'main', 'trunk' and
2026-09-06T12:14:21.0872570Z hint: 'development'. The just-created branch can be renamed via this command:
2026-09-06T12:14:21.0874048Z hint:
2026-09-06T12:14:21.0874887Z hint: 	git branch -m <name>
2026-09-06T12:14:21.0875860Z hint:
2026-09-06T12:14:21.0877502Z hint: Disable this message with "git config set advice.defaultBranchName false"
2026-09-06T12:14:21.0879795Z Initialized empty Git repository in /home/runner/work/zerorun-mvp/zerorun-mvp/.git/
2026-09-06T12:14:21.0883275Z [command]/usr/bin/git remote add origin https://github.com/floxy-21/zerorun-mvp
2026-09-06T12:14:21.1367228Z ##[endgroup]
2026-09-06T12:14:21.1368845Z ##[group]Disabling automatic garbage collection
2026-09-06T12:14:21.1370456Z [command]/usr/bin/git config --local gc.auto 0
2026-09-06T12:14:21.1437558Z ##[endgroup]
2026-09-06T12:14:21.1440111Z ##[group]Setting up auth
2026-09-06T12:14:21.1442169Z Removing SSH command configuration
2026-09-06T12:14:21.1444118Z [command]/usr/bin/git config --local --name-only --get-regexp core\.sshCommand
2026-09-06T12:14:21.1479233Z [command]/usr/bin/git submodule foreach --recursive sh -c "git config --local --name-only --get-regexp 'core\.sshCommand' && git config --local --unset-all 'core.sshCommand' || :"
2026-09-06T12:14:21.7895617Z Removing HTTP extra header
2026-09-06T12:14:21.7902464Z [command]/usr/bin/git config --local --name-only --get-regexp http\.https\:\/\/github\.com\/\.extraheader
2026-09-06T12:14:21.7946096Z [command]/usr/bin/git submodule foreach --recursive sh -c "git config --local --name-only --get-regexp 'http\.https\:\/\/github\.com\/\.extraheader' && git config --local --unset-all 'http.https://github.com/.extraheader' || :"
2026-09-06T12:14:21.8206148Z Removing includeIf entries pointing to credentials config files
2026-09-06T12:14:21.8212828Z [command]/usr/bin/git config --local --name-only --get-regexp ^includeIf\.gitdir:
2026-09-06T12:14:21.8256926Z [command]/usr/bin/git submodule foreach --recursive git config --local --show-origin --name-only --get-regexp remote.origin.url
2026-09-06T12:14:21.8521361Z [command]/usr/bin/git config --file /home/runner/work/_temp/git-credentials-f40a8085-8941-487f-b342-14a7f42d8f57.config http.https://github.com/.extraheader AUTHORIZATION: basic ***
2026-09-06T12:14:21.8570638Z [command]/usr/bin/git config --local includeIf.gitdir:/home/runner/work/zerorun-mvp/zerorun-mvp/.git.path /home/runner/work/_temp/git-credentials-f40a8085-8941-487f-b342-14a7f42d8f57.config
2026-09-06T12:14:21.8609810Z [command]/usr/bin/git config --local includeIf.gitdir:/home/runner/work/zerorun-mvp/zerorun-mvp/.git/worktrees/*.path /home/runner/work/_temp/git-credentials-f40a8085-8941-487f-b342-14a7f42d8f57.config
2026-09-06T12:14:21.8655195Z [command]/usr/bin/git config --local includeIf.gitdir:/github/workspace/.git.path /github/runner_temp/git-credentials-f40a8085-8941-487f-b342-14a7f42d8f57.config
2026-09-06T12:14:21.8696372Z [command]/usr/bin/git config --local includeIf.gitdir:/github/workspace/.git/worktrees/*.path /github/runner_temp/git-credentials-f40a8085-8941-487f-b342-14a7f42d8f57.config
2026-09-06T12:14:21.8741062Z ##[endgroup]
2026-09-06T12:14:21.8742455Z ##[group]Fetching the repository
2026-09-06T12:14:21.8752296Z [command]/usr/bin/git -c protocol.version=2 fetch --no-tags --prune --no-recurse-submodules --depth=1 origin +86f42289c2f59a74b1f642f0b20d1a26b3d55e57:refs/remotes/origin/main
2026-09-06T12:14:22.2005685Z From https://github.com/floxy-21/zerorun-mvp
2026-09-06T12:14:22.2006336Z  * [new ref]         86f42289c2f59a74b1f642f0b20d1a26b3d55e57 -> origin/main
2026-09-06T12:14:22.2008368Z [command]/usr/bin/git branch --list --remote origin/main
2026-09-06T12:14:22.2046596Z   origin/main
2026-09-06T12:14:22.2079235Z [command]/usr/bin/git rev-parse refs/remotes/origin/main
2026-09-06T12:14:22.2109435Z 86f42289c2f59a74b1f642f0b20d1a26b3d55e57
2026-09-06T12:14:22.2162689Z ##[endgroup]
2026-09-06T12:14:22.2163092Z ##[group]Determining the checkout info
2026-09-06T12:14:22.2163812Z ##[endgroup]
2026-09-06T12:14:22.2164248Z [command]/usr/bin/git sparse-checkout disable
2026-09-06T12:14:22.2203189Z [command]/usr/bin/git config --local --unset-all extensions.worktreeConfig
2026-09-06T12:14:22.2238676Z ##[group]Checking out the ref
2026-09-06T12:14:22.2243141Z [command]/usr/bin/git checkout --progress --force -B main refs/remotes/origin/main
2026-09-06T12:14:22.2746906Z Switched to a new branch 'main'
2026-09-06T12:14:22.2755426Z branch 'main' set up to track 'origin/main'.
2026-09-06T12:14:22.2763933Z ##[endgroup]
2026-09-06T12:14:22.2816382Z [command]/usr/bin/git log -1 --format=%H
2026-09-06T12:14:22.2847993Z 86f42289c2f59a74b1f642f0b20d1a26b3d55e57
2026-09-06T12:14:22.2856348Z ##[group]Removing auth
2026-09-06T12:14:22.2857852Z Removing SSH command configuration
2026-09-06T12:14:22.2862211Z [command]/usr/bin/git config --local --name-only --get-regexp core\.sshCommand
2026-09-06T12:14:22.2911454Z [command]/usr/bin/git submodule foreach --recursive sh -c "git config --local --name-only --get-regexp 'core\.sshCommand' && git config --local --unset-all 'core.sshCommand' || :"
2026-09-06T12:14:22.3154971Z Removing HTTP extra header
2026-09-06T12:14:22.3156268Z [command]/usr/bin/git config --local --name-only --get-regexp http\.https\:\/\/github\.com\/\.extraheader
2026-09-06T12:14:22.3197999Z [command]/usr/bin/git submodule foreach --recursive sh -c "git config --local --name-only --get-regexp 'http\.https\:\/\/github\.com\/\.extraheader' && git config --local --unset-all 'http.https://github.com/.extraheader' || :"
2026-09-06T12:14:22.3614926Z Removing includeIf entries pointing to credentials config files
2026-09-06T12:14:22.3616338Z [command]/usr/bin/git config --local --name-only --get-regexp ^includeIf\.gitdir:
2026-09-06T12:14:22.3690317Z includeif.gitdir:/home/runner/work/zerorun-mvp/zerorun-mvp/.git.path
2026-09-06T12:14:22.3691939Z includeif.gitdir:/home/runner/work/zerorun-mvp/zerorun-mvp/.git/worktrees/*.path
2026-09-06T12:14:22.3693606Z includeif.gitdir:/github/workspace/.git.path
2026-09-06T12:14:22.3696185Z includeif.gitdir:/github/workspace/.git/worktrees/*.path
2026-09-06T12:14:22.3850713Z [command]/usr/bin/git config --local --get-all includeif.gitdir:/home/runner/work/zerorun-mvp/zerorun-mvp/.git.path
2026-09-06T12:14:22.3852209Z /home/runner/work/_temp/git-credentials-f40a8085-8941-487f-b342-14a7f42d8f57.config
2026-09-06T12:14:22.3855985Z [command]/usr/bin/git config --local --unset includeif.gitdir:/home/runner/work/zerorun-mvp/zerorun-mvp/.git.path /home/runner/work/_temp/git-credentials-f40a8085-8941-487f-b342-14a7f42d8f57.config
2026-09-06T12:14:22.3863408Z [command]/usr/bin/git config --local --get-all includeif.gitdir:/home/runner/work/zerorun-mvp/zerorun-mvp/.git/worktrees/*.path
2026-09-06T12:14:22.3864949Z /home/runner/work/_temp/git-credentials-f40a8085-8941-487f-b342-14a7f42d8f57.config
2026-09-06T12:14:22.3867955Z [command]/usr/bin/git config --local --unset includeif.gitdir:/home/runner/work/zerorun-mvp/zerorun-mvp/.git/worktrees/*.path /home/runner/work/_temp/git-credentials-f40a8085-8941-487f-b342-14a7f42d8f57.config
2026-09-06T12:14:22.3891540Z [command]/usr/bin/git config --local --get-all includeif.gitdir:/github/workspace/.git.path
2026-09-06T12:14:22.3948734Z /github/runner_temp/git-credentials-f40a8085-8941-487f-b342-14a7f42d8f57.config
2026-09-06T12:14:22.3953300Z [command]/usr/bin/git config --local --unset includeif.gitdir:/github/workspace/.git.path /github/runner_temp/git-credentials-f40a8085-8941-487f-b342-14a7f42d8f57.config
2026-09-06T12:14:22.3993525Z [command]/usr/bin/git config --local --get-all includeif.gitdir:/github/workspace/.git/worktrees/*.path
2026-09-06T12:14:22.4020023Z /github/runner_temp/git-credentials-f40a8085-8941-487f-b342-14a7f42d8f57.config
2026-09-06T12:14:22.4029538Z [command]/usr/bin/git config --local --unset includeif.gitdir:/github/workspace/.git/worktrees/*.path /github/runner_temp/git-credentials-f40a8085-8941-487f-b342-14a7f42d8f57.config
2026-09-06T12:14:22.4066787Z [command]/usr/bin/git submodule foreach --recursive git config --local --show-origin --name-only --get-regexp remote.origin.url
2026-09-06T12:14:22.4305018Z Removing credentials config '/home/runner/work/_temp/git-credentials-f40a8085-8941-487f-b342-14a7f42d8f57.config'
2026-09-06T12:14:22.4313882Z ##[endgroup]
2026-09-06T12:14:22.4565428Z ##[group]Run actions/setup-python@a309ff8b426b58ec0e2a45f0f869d46889d02405
2026-09-06T12:14:22.4565880Z with:
2026-09-06T12:14:22.4566091Z   python-version: 3.14
2026-09-06T12:14:22.4566318Z   check-latest: false
2026-09-06T12:14:22.4569290Z   token: ***
2026-09-06T12:14:22.4569533Z   update-environment: true
2026-09-06T12:14:22.4569785Z   allow-prereleases: false
2026-09-06T12:14:22.4570018Z   freethreaded: false
2026-09-06T12:14:22.4570235Z env:
2026-09-06T12:14:22.4570437Z   CODEX_NPM_VERSION: 0.153.3
2026-09-06T12:14:22.4571041Z   CODEX_NPM_INTEGRITY: sha512-SwQns+YIXvaXV4a6RUd9twgTPJkkfZpuTNEkTtIkwBnfw6fpT61+d6gU1WHZxK6vWFNqJCBoJEP69FIAsoPduA==
2026-09-06T12:14:22.4572070Z   CODEX_LINUX_X64_NPM_INTEGRITY: sha512-CyLvuM9Ij7sQuNtnHrzHtF+DtNISaauZZakyhy+MoFS1XxKTGv3FN4/qh6c94YZtLStZ7aUmfYQz59V3PV4zng==
2026-09-06T12:14:22.4573001Z   GENERALIZATION_RUNTIME_LOCK_SHA256: a04f815c62754114a0f0a4b7db15d02c920e7c7d006d813ac9955be00482c02c
2026-09-06T12:14:22.4573873Z   GENERALIZATION_RUNTIME_IMAGE: docker.io/library/python@sha256:9c47360a2a0355e2da18516d0b1c2126ec22c195d2185e97347c9d98398c5bef
2026-09-06T12:14:22.4574495Z   GENERALIZATION_RUNTIME_IMPLEMENTATION: CPython
2026-09-06T12:14:22.4574824Z   GENERALIZATION_RUNTIME_PYTHON_VERSION: 3.12.14
2026-09-06T12:14:22.4575113Z ##[endgroup]
2026-09-06T12:14:22.6063007Z ##[group]Installed versions
2026-09-06T12:14:22.6093408Z Successfully set up CPython (3.14.7)
2026-09-06T12:14:22.6102986Z ##[endgroup]
2026-09-06T12:14:22.6312846Z ##[group]Run python -m pip install \
2026-09-06T12:14:22.6313451Z [36;1mpython -m pip install \[0m
2026-09-06T12:14:22.6313918Z [36;1m  --require-hashes \[0m
2026-09-06T12:14:22.6314518Z [36;1m  --requirement ci/release-bootstrap-requirements.txt[0m
2026-09-06T12:14:22.6315133Z [36;1mpython -m pip install \[0m
2026-09-06T12:14:22.6315570Z [36;1m  --require-hashes \[0m
2026-09-06T12:14:22.6316083Z [36;1m  --requirement ci/release-test-requirements.txt[0m
2026-09-06T12:14:22.6316791Z [36;1mpython -m pip install --no-build-isolation --no-deps .[0m
2026-09-06T12:14:22.6488196Z shell: /usr/bin/bash -e {0}
2026-09-06T12:14:22.6488715Z env:
2026-09-06T12:14:22.6489063Z   CODEX_NPM_VERSION: 0.153.3
2026-09-06T12:14:22.6490134Z   CODEX_NPM_INTEGRITY: sha512-SwQns+YIXvaXV4a6RUd9twgTPJkkfZpuTNEkTtIkwBnfw6fpT61+d6gU1WHZxK6vWFNqJCBoJEP69FIAsoPduA==
2026-09-06T12:14:22.6491982Z   CODEX_LINUX_X64_NPM_INTEGRITY: sha512-CyLvuM9Ij7sQuNtnHrzHtF+DtNISaauZZakyhy+MoFS1XxKTGv3FN4/qh6c94YZtLStZ7aUmfYQz59V3PV4zng==
2026-09-06T12:14:22.6493512Z   GENERALIZATION_RUNTIME_LOCK_SHA256: a04f815c62754114a0f0a4b7db15d02c920e7c7d006d813ac9955be00482c02c
2026-09-06T12:14:22.6495517Z   GENERALIZATION_RUNTIME_IMAGE: docker.io/library/python@sha256:9c47360a2a0355e2da18516d0b1c2126ec22c195d2185e97347c9d98398c5bef
2026-09-06T12:14:22.6496752Z   GENERALIZATION_RUNTIME_IMPLEMENTATION: CPython
2026-09-06T12:14:22.6497507Z   GENERALIZATION_RUNTIME_PYTHON_VERSION: 3.12.14
2026-09-06T12:14:22.6498125Z   pythonLocation: /opt/hostedtoolcache/Python/3.14.7/x64
2026-09-06T12:14:22.6498918Z   PKG_CONFIG_PATH: /opt/hostedtoolcache/Python/3.14.7/x64/lib/pkgconfig
2026-09-06T12:14:22.6499657Z   Python_ROOT_DIR: /opt/hostedtoolcache/Python/3.14.7/x64
2026-09-06T12:14:22.6500312Z   Python2_ROOT_DIR: /opt/hostedtoolcache/Python/3.14.7/x64
2026-09-06T12:14:22.6500971Z   Python3_ROOT_DIR: /opt/hostedtoolcache/Python/3.14.7/x64
2026-09-06T12:14:22.6501645Z   LD_LIBRARY_PATH: /opt/hostedtoolcache/Python/3.14.7/x64/lib
2026-09-06T12:14:22.6502236Z ##[endgroup]
2026-09-06T12:14:25.9985384Z Requirement already satisfied: pip==26.2.1 in /opt/hostedtoolcache/Python/3.14.7/x64/lib/python3.14/site-packages (from -r ci/release-bootstrap-requirements.txt (line 4)) (26.2.1)
2026-09-06T12:14:26.0615861Z Collecting packaging==26.3 (from -r ci/release-bootstrap-requirements.txt (line 6))
2026-09-06T12:14:26.1110938Z   Downloading packaging-26.3-py3-none-any.whl (129 kB)
2026-09-06T12:14:26.2267559Z Collecting setuptools==84.0.0 (from -r ci/release-bootstrap-requirements.txt (line 8))
2026-09-06T12:14:26.2308069Z   Downloading setuptools-84.0.0-py3-none-any.whl (818 kB)
2026-09-06T12:14:26.2453045Z      ━━━━━━━━━━━━━━━━━━━━━━━━━━━━━━━━━━━━━━━━ 818.2/818.2 kB 70.3 MB/s  0:00:00
2026-09-06T12:14:26.2669282Z Collecting wheel==0.48.0 (from -r ci/release-bootstrap-requirements.txt (line 10))
2026-09-06T12:14:26.2704728Z   Downloading wheel-0.48.0-py3-none-any.whl (33 kB)
2026-09-06T12:14:26.4354839Z Installing collected packages: setuptools, packaging, wheel
2026-09-06T12:14:27.1797617Z 
2026-09-06T12:14:27.1814902Z Successfully installed packaging-26.3 setuptools-84.0.0 wheel-0.48.0
2026-09-06T12:14:28.0756409Z Ignoring colorama: markers 'sys_platform == "win32"' don't match your environment
2026-09-06T12:14:28.0758883Z Ignoring exceptiongroup: markers 'python_version < "3.11"' don't match your environment
2026-09-06T12:14:28.0761727Z Ignoring tomli: markers 'python_version < "3.11"' don't match your environment
2026-09-06T12:14:28.0764196Z Ignoring typing-extensions: markers 'python_version < "3.13"' don't match your environment
2026-09-06T12:14:28.1396606Z Collecting attrs==26.1.0 (from -r ci/release-test-requirements.txt (line 4))
2026-09-06T12:14:28.1933336Z   Downloading attrs-26.1.0-py3-none-any.whl (67 kB)
2026-09-06T12:14:28.2262470Z Collecting iniconfig==2.3.0 (from -r ci/release-test-requirements.txt (line 10))
2026-09-06T12:14:28.2296272Z   Downloading iniconfig-2.3.0-py3-none-any.whl (7.5 kB)
2026-09-06T12:14:28.2595012Z Collecting jsonschema==4.26.0 (from -r ci/release-test-requirements.txt (line 12))
2026-09-06T12:14:28.2634062Z   Downloading jsonschema-4.26.0-py3-none-any.whl (90 kB)
2026-09-06T12:14:28.2807561Z Collecting jsonschema-specifications==2025.9.1 (from -r ci/release-test-requirements.txt (line 14))
2026-09-06T12:14:28.2843076Z   Downloading jsonschema_specifications-2025.9.1-py3-none-any.whl (18 kB)
2026-09-06T12:14:28.2885637Z Requirement already satisfied: packaging==26.3 in /opt/hostedtoolcache/Python/3.14.7/x64/lib/python3.14/site-packages (from -r ci/release-test-requirements.txt (line 16)) (26.3)
2026-09-06T12:14:28.2976700Z Collecting pluggy==1.6.0 (from -r ci/release-test-requirements.txt (line 18))
2026-09-06T12:14:28.3010440Z   Downloading pluggy-1.6.0-py3-none-any.whl (20 kB)
2026-09-06T12:14:28.3196397Z Collecting Pygments==2.21.0 (from -r ci/release-test-requirements.txt (line 20))
2026-09-06T12:14:28.3231398Z   Downloading pygments-2.21.0-py3-none-any.whl (1.3 MB)
2026-09-06T12:14:28.3363099Z      ━━━━━━━━━━━━━━━━━━━━━━━━━━━━━━━━━━━━━━━━ 1.3/1.3 MB 112.8 MB/s  0:00:00
2026-09-06T12:14:28.3622646Z Collecting pytest==9.1.1 (from -r ci/release-test-requirements.txt (line 22))
2026-09-06T12:14:28.3660226Z   Downloading pytest-9.1.1-py3-none-any.whl (386 kB)
2026-09-06T12:14:28.3882951Z Collecting referencing==0.37.0 (from -r ci/release-test-requirements.txt (line 24))
2026-09-06T12:14:28.3927875Z   Downloading referencing-0.37.0-py3-none-any.whl (26 kB)
2026-09-06T12:14:28.6470118Z Collecting rpds-py==0.30.0 (from -r ci/release-test-requirements.txt (line 26))
2026-09-06T12:14:28.6512090Z   Downloading rpds_py-0.30.0-cp314-cp314-manylinux_2_17_x86_64.manylinux2014_x86_64.whl (382 kB)
2026-09-06T12:14:28.6953705Z Installing collected packages: rpds-py, Pygments, pluggy, iniconfig, attrs, referencing, pytest, jsonschema-specifications, jsonschema
2026-09-06T12:14:30.1893769Z 
2026-09-06T12:14:30.1912844Z Successfully installed Pygments-2.21.0 attrs-26.1.0 iniconfig-2.3.0 jsonschema-4.26.0 jsonschema-specifications-2025.9.1 pluggy-1.6.0 pytest-9.1.1 referencing-0.37.0 rpds-py-0.30.0
2026-09-06T12:14:31.0884187Z Processing ./.
2026-09-06T12:14:31.0898685Z   Preparing metadata (pyproject.toml): started
2026-09-06T12:14:31.4108379Z   Preparing metadata (pyproject.toml): finished with status 'done'
2026-09-06T12:14:31.4127893Z Building wheels for collected packages: zerorun
2026-09-06T12:14:31.4134948Z   Building wheel for zerorun (pyproject.toml): started
2026-09-06T12:14:31.6988326Z   Building wheel for zerorun (pyproject.toml): finished with status 'done'
2026-09-06T12:14:31.6990086Z   Created wheel for zerorun: filename=zerorun-0.5.1-py3-none-any.whl size=241205 sha256=349c5f7376b2c2b8daefd531f3fb1f391024f87f7b108f65705c3414d2f2bc17
2026-09-06T12:14:31.6998336Z   Stored in directory: /tmp/pip-ephem-wheel-cache-d9z1659z/wheels/e7/16/59/124165a25c1f48c21b3f2b4f82f3509961ccd07e9db1ef014b
2026-09-06T12:14:31.7023594Z Successfully built zerorun
2026-09-06T12:14:31.7148099Z Installing collected packages: zerorun
2026-09-06T12:14:31.9518213Z Successfully installed zerorun-0.5.1
2026-09-06T12:14:32.0090129Z ##[group]Run python -m compileall -q zerorun tests
2026-09-06T12:14:32.0090555Z [36;1mpython -m compileall -q zerorun tests[0m
2026-09-06T12:14:32.0129211Z shell: /usr/bin/bash -e {0}
2026-09-06T12:14:32.0129464Z env:
2026-09-06T12:14:32.0129663Z   CODEX_NPM_VERSION: 0.153.3
2026-09-06T12:14:32.0130261Z   CODEX_NPM_INTEGRITY: sha512-SwQns+YIXvaXV4a6RUd9twgTPJkkfZpuTNEkTtIkwBnfw6fpT61+d6gU1WHZxK6vWFNqJCBoJEP69FIAsoPduA==
2026-09-06T12:14:32.0131236Z   CODEX_LINUX_X64_NPM_INTEGRITY: sha512-CyLvuM9Ij7sQuNtnHrzHtF+DtNISaauZZakyhy+MoFS1XxKTGv3FN4/qh6c94YZtLStZ7aUmfYQz59V3PV4zng==
2026-09-06T12:14:32.0132059Z   GENERALIZATION_RUNTIME_LOCK_SHA256: a04f815c62754114a0f0a4b7db15d02c920e7c7d006d813ac9955be00482c02c
2026-09-06T12:14:32.0132839Z   GENERALIZATION_RUNTIME_IMAGE: docker.io/library/python@sha256:9c47360a2a0355e2da18516d0b1c2126ec22c195d2185e97347c9d98398c5bef
2026-09-06T12:14:32.0133473Z   GENERALIZATION_RUNTIME_IMPLEMENTATION: CPython
2026-09-06T12:14:32.0133834Z   GENERALIZATION_RUNTIME_PYTHON_VERSION: 3.12.14
2026-09-06T12:14:32.0134192Z   pythonLocation: /opt/hostedtoolcache/Python/3.14.7/x64
2026-09-06T12:14:32.0134622Z   PKG_CONFIG_PATH: /opt/hostedtoolcache/Python/3.14.7/x64/lib/pkgconfig
2026-09-06T12:14:32.0135042Z   Python_ROOT_DIR: /opt/hostedtoolcache/Python/3.14.7/x64
2026-09-06T12:14:32.0135409Z   Python2_ROOT_DIR: /opt/hostedtoolcache/Python/3.14.7/x64
2026-09-06T12:14:32.0135776Z   Python3_ROOT_DIR: /opt/hostedtoolcache/Python/3.14.7/x64
2026-09-06T12:14:32.0136151Z   LD_LIBRARY_PATH: /opt/hostedtoolcache/Python/3.14.7/x64/lib
2026-09-06T12:14:32.0136463Z ##[endgroup]
2026-09-06T12:14:32.8063953Z ##[group]Run python -m pytest -q
2026-09-06T12:14:32.8064298Z [36;1mpython -m pytest -q[0m
2026-09-06T12:14:32.8102752Z shell: /usr/bin/bash -e {0}
2026-09-06T12:14:32.8103008Z env:
2026-09-06T12:14:32.8103212Z   CODEX_NPM_VERSION: 0.153.3
2026-09-06T12:14:32.8103809Z   CODEX_NPM_INTEGRITY: sha512-SwQns+YIXvaXV4a6RUd9twgTPJkkfZpuTNEkTtIkwBnfw6fpT61+d6gU1WHZxK6vWFNqJCBoJEP69FIAsoPduA==
2026-09-06T12:14:32.8104790Z   CODEX_LINUX_X64_NPM_INTEGRITY: sha512-CyLvuM9Ij7sQuNtnHrzHtF+DtNISaauZZakyhy+MoFS1XxKTGv3FN4/qh6c94YZtLStZ7aUmfYQz59V3PV4zng==
2026-09-06T12:14:32.8105795Z   GENERALIZATION_RUNTIME_LOCK_SHA256: a04f815c62754114a0f0a4b7db15d02c920e7c7d006d813ac9955be00482c02c
2026-09-06T12:14:32.8106567Z   GENERALIZATION_RUNTIME_IMAGE: docker.io/library/python@sha256:9c47360a2a0355e2da18516d0b1c2126ec22c195d2185e97347c9d98398c5bef
2026-09-06T12:14:32.8107490Z   GENERALIZATION_RUNTIME_IMPLEMENTATION: CPython
2026-09-06T12:14:32.8107837Z   GENERALIZATION_RUNTIME_PYTHON_VERSION: 3.12.14
2026-09-06T12:14:32.8108240Z   pythonLocation: /opt/hostedtoolcache/Python/3.14.7/x64
2026-09-06T12:14:32.8108686Z   PKG_CONFIG_PATH: /opt/hostedtoolcache/Python/3.14.7/x64/lib/pkgconfig
2026-09-06T12:14:32.8109099Z   Python_ROOT_DIR: /opt/hostedtoolcache/Python/3.14.7/x64
2026-09-06T12:14:32.8109467Z   Python2_ROOT_DIR: /opt/hostedtoolcache/Python/3.14.7/x64
2026-09-06T12:14:32.8109832Z   Python3_ROOT_DIR: /opt/hostedtoolcache/Python/3.14.7/x64
2026-09-06T12:14:32.8110209Z   LD_LIBRARY_PATH: /opt/hostedtoolcache/Python/3.14.7/x64/lib
2026-09-06T12:14:32.8110532Z ##[endgroup]
2026-09-06T12:14:38.6826112Z ............................................................. [  3%]
2026-09-06T12:14:40.4818136Z ........................................................................ [  8%]
2026-09-06T12:14:40.8763944Z ........................................................................ [ 12%]
2026-09-06T12:14:48.7448692Z ........................................................................ [ 16%]
2026-09-06T12:14:53.4221440Z ................s...s........................................... [ 20%]
2026-09-06T12:14:53.8141883Z ........................................................................ [ 25%]
2026-09-06T12:14:56.4878067Z ........................................................................ [ 29%]
2026-09-06T12:14:57.7857843Z ........................................................................ [ 33%]
2026-09-06T12:14:58.1492804Z ........................................................................ [ 38%]
2026-09-06T12:15:13.0248169Z ..........................................s............................. [ 42%]
2026-09-06T12:15:15.3404422Z ........................................................................ [ 46%]
2026-09-06T12:15:15.4379672Z ........................................................................ [ 51%]
2026-09-06T12:15:15.6683795Z ........................................................................ [ 55%]
2026-09-06T12:15:45.8528401Z ........................................................................ [ 60%]
2026-09-06T12:16:10.3299043Z ........................................................................ [ 64%]
2026-09-06T12:16:16.6066977Z ........................................................................ [ 68%]
2026-09-06T12:16:38.2046820Z ........................................................................ [ 73%]
2026-09-06T12:16:55.7336722Z ........................................................................ [ 77%]
2026-09-06T12:21:10.8698441Z ........................................................................ [ 81%]
2026-09-06T12:21:36.9248751Z ........................................................................ [ 86%]
2026-09-06T12:21:50.1581847Z ........................................................................ [ 90%]
2026-09-06T12:21:50.3372030Z ........................................................................ [ 94%]
2026-09-06T12:21:52.0962145Z ........................................................................ [ 99%]
2026-09-06T12:21:52.3620153Z ...........                                                              [100%]
2026-09-06T12:21:52.3621054Z =============================== warnings summary ===============================
2026-09-06T12:21:52.3622019Z tests/test_symbol_content_cache.py::test_forked_child_reinitializes_cache_lock_and_state
2026-09-06T12:21:52.3623677Z   /home/runner/work/zerorun-mvp/zerorun-mvp/tests/test_symbol_content_cache.py:231: DeprecationWarning: This process (pid=2201) is multi-threaded, use of fork() may lead to deadlocks in the child.
2026-09-06T12:21:52.3625264Z     child_pid = os.fork()
2026-09-06T12:21:52.3625576Z 
2026-09-06T12:21:52.3626004Z -- Docs: https://docs.pytest.org/en/stable/how-to/capture-warnings.html
2026-09-06T12:21:52.3626865Z 1645 passed, 3 skipped, 1 warning, 19 subtests passed in 438.28s (0:07:18)
2026-09-06T12:21:52.6401566Z Post job cleanup.
2026-09-06T12:21:52.7938665Z Post job cleanup.
2026-09-06T12:21:52.9012722Z [command]/usr/bin/git version
2026-09-06T12:21:52.9097857Z git version 2.55.0
2026-09-06T12:21:52.9169384Z Temporarily overriding HOME='/home/runner/work/_temp/3eb30e96-6405-4fc7-a68c-a716c8fe07ca' before making global git config changes
2026-09-06T12:21:52.9171334Z Adding repository directory to the temporary git global config as a safe directory
2026-09-06T12:21:52.9172681Z [command]/usr/bin/git config --global --add safe.directory /home/runner/work/zerorun-mvp/zerorun-mvp
2026-09-06T12:21:52.9247435Z Removing SSH command configuration
2026-09-06T12:21:52.9267798Z [command]/usr/bin/git config --local --name-only --get-regexp core\.sshCommand
2026-09-06T12:21:52.9286640Z [command]/usr/bin/git submodule foreach --recursive sh -c "git config --local --name-only --get-regexp 'core\.sshCommand' && git config --local --unset-all 'core.sshCommand' || :"
2026-09-06T12:21:52.9828548Z Removing HTTP extra header
2026-09-06T12:21:52.9843015Z [command]/usr/bin/git config --local --name-only --get-regexp http\.https\:\/\/github\.com\/\.extraheader
2026-09-06T12:21:52.9959319Z [command]/usr/bin/git submodule foreach --recursive sh -c "git config --local --name-only --get-regexp 'http\.https\:\/\/github\.com\/\.extraheader' && git config --local --unset-all 'http.https://github.com/.extraheader' || :"
2026-09-06T12:21:53.0640883Z Removing includeIf entries pointing to credentials config files
2026-09-06T12:21:53.0654464Z [command]/usr/bin/git config --local --name-only --get-regexp ^includeIf\.gitdir:
2026-09-06T12:21:53.0759671Z [command]/usr/bin/git submodule foreach --recursive git config --local --show-origin --name-only --get-regexp remote.origin.url
2026-09-06T12:21:53.1466055Z Cleaning up orphan processes

