2026-09-06T12:14:20.1898753Z Current runner version: '2.337.0'
2026-09-06T12:14:20.1937607Z ##[group]Runner Image Provisioner
2026-09-06T12:14:20.1938975Z Hosted Compute Agent
2026-09-06T12:14:20.1940445Z Version: 20260828.587
2026-09-06T12:14:20.1941596Z Commit: abac92662cab4cc7352de4f9f9d2e2419aad9c29
2026-09-06T12:14:20.1942904Z Build Date: 2026-08-28T16:44:25Z
2026-09-06T12:14:20.1944095Z Worker ID: {1893afd9-370c-4eff-9ecd-44464c197f83}
2026-09-06T12:14:20.1945320Z Azure Region: westus
2026-09-06T12:14:20.1946366Z ##[endgroup]
2026-09-06T12:14:20.1948927Z ##[group]Operating System
2026-09-06T12:14:20.1950505Z Ubuntu
2026-09-06T12:14:20.1951545Z 24.04.4
2026-09-06T12:14:20.1952614Z LTS
2026-09-06T12:14:20.1953640Z ##[endgroup]
2026-09-06T12:14:20.1954670Z ##[group]Runner Image
2026-09-06T12:14:20.1955783Z Image: ubuntu-24.04
2026-09-06T12:14:20.1956948Z Version: 20260831.293.1
2026-09-06T12:14:20.1959960Z Included Software: https://github.com/actions/runner-images/blob/ubuntu24/20260831.293/images/ubuntu/Ubuntu2404-Readme.md
2026-09-06T12:14:20.1962971Z Image Release: https://github.com/actions/runner-images/releases/tag/ubuntu24%2F20260831.293
2026-09-06T12:14:20.1964669Z ##[endgroup]
2026-09-06T12:14:20.1966816Z ##[group]GITHUB_TOKEN Permissions
2026-09-06T12:14:20.1970317Z Contents: read
2026-09-06T12:14:20.1971490Z Metadata: read
2026-09-06T12:14:20.1972509Z ##[endgroup]
2026-09-06T12:14:20.1975990Z Secret source: Actions
2026-09-06T12:14:20.1977786Z Prepare workflow directory
2026-09-06T12:14:20.2817496Z Prepare all required actions
2026-09-06T12:14:20.2896208Z Getting action download info
2026-09-06T12:14:20.7129755Z Download action repository 'actions/checkout@de0fac2e4500dabe0009e67214ff5f5447ce83dd' (SHA:de0fac2e4500dabe0009e67214ff5f5447ce83dd)
2026-09-06T12:14:20.8407005Z Download action repository 'actions/setup-python@a309ff8b426b58ec0e2a45f0f869d46889d02405' (SHA:a309ff8b426b58ec0e2a45f0f869d46889d02405)
2026-09-06T12:14:21.0307550Z Complete job name: regression-python-3.12
2026-09-06T12:14:21.1082644Z ##[group]Run actions/checkout@de0fac2e4500dabe0009e67214ff5f5447ce83dd
2026-09-06T12:14:21.1083744Z with:
2026-09-06T12:14:21.1084195Z   persist-credentials: false
2026-09-06T12:14:21.1084739Z   repository: floxy-21/zerorun-mvp
2026-09-06T12:14:21.1088613Z   token: ***
2026-09-06T12:14:21.1089064Z   ssh-strict: true
2026-09-06T12:14:21.1089833Z   ssh-user: git
2026-09-06T12:14:21.1090419Z   clean: true
2026-09-06T12:14:21.1090883Z   sparse-checkout-cone-mode: true
2026-09-06T12:14:21.1091434Z   fetch-depth: 1
2026-09-06T12:14:21.1091884Z   fetch-tags: false
2026-09-06T12:14:21.1092342Z   show-progress: true
2026-09-06T12:14:21.1092797Z   lfs: false
2026-09-06T12:14:21.1093221Z   submodules: false
2026-09-06T12:14:21.1093686Z   set-safe-directory: true
2026-09-06T12:14:21.1094471Z env:
2026-09-06T12:14:21.1094911Z   CODEX_NPM_VERSION: 0.153.3
2026-09-06T12:14:21.1096042Z   CODEX_NPM_INTEGRITY: sha512-SwQns+YIXvaXV4a6RUd9twgTPJkkfZpuTNEkTtIkwBnfw6fpT61+d6gU1WHZxK6vWFNqJCBoJEP69FIAsoPduA==
2026-09-06T12:14:21.1097782Z   CODEX_LINUX_X64_NPM_INTEGRITY: sha512-CyLvuM9Ij7sQuNtnHrzHtF+DtNISaauZZakyhy+MoFS1XxKTGv3FN4/qh6c94YZtLStZ7aUmfYQz59V3PV4zng==
2026-09-06T12:14:21.1099285Z   GENERALIZATION_RUNTIME_LOCK_SHA256: a04f815c62754114a0f0a4b7db15d02c920e7c7d006d813ac9955be00482c02c
2026-09-06T12:14:21.1100882Z   GENERALIZATION_RUNTIME_IMAGE: docker.io/library/python@sha256:9c47360a2a0355e2da18516d0b1c2126ec22c195d2185e97347c9d98398c5bef
2026-09-06T12:14:21.1102022Z   GENERALIZATION_RUNTIME_IMPLEMENTATION: CPython
2026-09-06T12:14:21.1102677Z   GENERALIZATION_RUNTIME_PYTHON_VERSION: 3.12.14
2026-09-06T12:14:21.1103264Z ##[endgroup]
2026-09-06T12:14:21.2458586Z Syncing repository: floxy-21/zerorun-mvp
2026-09-06T12:14:21.2464960Z ##[group]Getting Git version info
2026-09-06T12:14:21.2467240Z Working directory is '/home/runner/work/zerorun-mvp/zerorun-mvp'
2026-09-06T12:14:21.2470587Z [command]/usr/bin/git version
2026-09-06T12:14:21.2551046Z git version 2.55.0
2026-09-06T12:14:21.2648789Z ##[endgroup]
2026-09-06T12:14:21.2673014Z Temporarily overriding HOME='/home/runner/work/_temp/0e27827c-10d0-4515-a8f7-c4d44e74dee2' before making global git config changes
2026-09-06T12:14:21.2675821Z Adding repository directory to the temporary git global config as a safe directory
2026-09-06T12:14:21.2677927Z [command]/usr/bin/git config --global --add safe.directory /home/runner/work/zerorun-mvp/zerorun-mvp
2026-09-06T12:14:21.2733507Z Deleting the contents of '/home/runner/work/zerorun-mvp/zerorun-mvp'
2026-09-06T12:14:21.2735695Z ##[group]Initializing the repository
2026-09-06T12:14:21.2736987Z [command]/usr/bin/git init /home/runner/work/zerorun-mvp/zerorun-mvp
2026-09-06T12:14:21.2881885Z hint: Using 'master' as the name for the initial branch. This default branch name
2026-09-06T12:14:21.2887765Z hint: will change to "main" in Git 3.0. To configure the initial branch name
2026-09-06T12:14:21.2898375Z hint: to use in all of your new repositories, which will suppress this warning,
2026-09-06T12:14:21.2900276Z hint: call:
2026-09-06T12:14:21.2920509Z hint:
2026-09-06T12:14:21.2940677Z hint: 	git config --global init.defaultBranch <name>
2026-09-06T12:14:21.2942005Z hint:
2026-09-06T12:14:21.2943583Z hint: Names commonly chosen instead of 'master' are 'main', 'trunk' and
2026-09-06T12:14:21.2945258Z hint: 'development'. The just-created branch can be renamed via this command:
2026-09-06T12:14:21.2946688Z hint:
2026-09-06T12:14:21.2947545Z hint: 	git branch -m <name>
2026-09-06T12:14:21.2948435Z hint:
2026-09-06T12:14:21.2949868Z hint: Disable this message with "git config set advice.defaultBranchName false"
2026-09-06T12:14:21.2951898Z Initialized empty Git repository in /home/runner/work/zerorun-mvp/zerorun-mvp/.git/
2026-09-06T12:14:21.2955726Z [command]/usr/bin/git remote add origin https://github.com/floxy-21/zerorun-mvp
2026-09-06T12:14:21.2990463Z ##[endgroup]
2026-09-06T12:14:21.4490725Z ##[group]Disabling automatic garbage collection
2026-09-06T12:14:21.4499368Z [command]/usr/bin/git config --local gc.auto 0
2026-09-06T12:14:21.4503160Z ##[endgroup]
2026-09-06T12:14:21.4504486Z ##[group]Setting up auth
2026-09-06T12:14:21.4505470Z Removing SSH command configuration
2026-09-06T12:14:21.4507120Z [command]/usr/bin/git config --local --name-only --get-regexp core\.sshCommand
2026-09-06T12:14:21.4513951Z [command]/usr/bin/git submodule foreach --recursive sh -c "git config --local --name-only --get-regexp 'core\.sshCommand' && git config --local --unset-all 'core.sshCommand' || :"
2026-09-06T12:14:21.4523192Z Removing HTTP extra header
2026-09-06T12:14:21.4524927Z [command]/usr/bin/git config --local --name-only --get-regexp http\.https\:\/\/github\.com\/\.extraheader
2026-09-06T12:14:21.4530965Z [command]/usr/bin/git submodule foreach --recursive sh -c "git config --local --name-only --get-regexp 'http\.https\:\/\/github\.com\/\.extraheader' && git config --local --unset-all 'http.https://github.com/.extraheader' || :"
2026-09-06T12:14:21.4536378Z Removing includeIf entries pointing to credentials config files
2026-09-06T12:14:21.4538586Z [command]/usr/bin/git config --local --name-only --get-regexp ^includeIf\.gitdir:
2026-09-06T12:14:21.4545434Z [command]/usr/bin/git submodule foreach --recursive git config --local --show-origin --name-only --get-regexp remote.origin.url
2026-09-06T12:14:21.4827650Z [command]/usr/bin/git config --file /home/runner/work/_temp/git-credentials-804532ec-3faf-453f-8168-0f14a138cc2a.config http.https://github.com/.extraheader AUTHORIZATION: basic ***
2026-09-06T12:14:21.4881998Z [command]/usr/bin/git config --local includeIf.gitdir:/home/runner/work/zerorun-mvp/zerorun-mvp/.git.path /home/runner/work/_temp/git-credentials-804532ec-3faf-453f-8168-0f14a138cc2a.config
2026-09-06T12:14:21.4926909Z [command]/usr/bin/git config --local includeIf.gitdir:/home/runner/work/zerorun-mvp/zerorun-mvp/.git/worktrees/*.path /home/runner/work/_temp/git-credentials-804532ec-3faf-453f-8168-0f14a138cc2a.config
2026-09-06T12:14:21.4974087Z [command]/usr/bin/git config --local includeIf.gitdir:/github/workspace/.git.path /github/runner_temp/git-credentials-804532ec-3faf-453f-8168-0f14a138cc2a.config
2026-09-06T12:14:21.5021045Z [command]/usr/bin/git config --local includeIf.gitdir:/github/workspace/.git/worktrees/*.path /github/runner_temp/git-credentials-804532ec-3faf-453f-8168-0f14a138cc2a.config
2026-09-06T12:14:21.5071310Z ##[endgroup]
2026-09-06T12:14:21.5073041Z ##[group]Fetching the repository
2026-09-06T12:14:21.5081554Z [command]/usr/bin/git -c protocol.version=2 fetch --no-tags --prune --no-recurse-submodules --depth=1 origin +86f42289c2f59a74b1f642f0b20d1a26b3d55e57:refs/remotes/origin/main
2026-09-06T12:14:22.0994367Z From https://github.com/floxy-21/zerorun-mvp
2026-09-06T12:14:22.0996560Z  * [new ref]         86f42289c2f59a74b1f642f0b20d1a26b3d55e57 -> origin/main
2026-09-06T12:14:22.1000593Z [command]/usr/bin/git branch --list --remote origin/main
2026-09-06T12:14:22.1028933Z   origin/main
2026-09-06T12:14:22.1040690Z [command]/usr/bin/git rev-parse refs/remotes/origin/main
2026-09-06T12:14:22.1070413Z 86f42289c2f59a74b1f642f0b20d1a26b3d55e57
2026-09-06T12:14:22.1075544Z ##[endgroup]
2026-09-06T12:14:22.1077469Z ##[group]Determining the checkout info
2026-09-06T12:14:22.1079418Z ##[endgroup]
2026-09-06T12:14:22.1081939Z [command]/usr/bin/git sparse-checkout disable
2026-09-06T12:14:22.1183328Z [command]/usr/bin/git config --local --unset-all extensions.worktreeConfig
2026-09-06T12:14:22.1220288Z ##[group]Checking out the ref
2026-09-06T12:14:22.1224559Z [command]/usr/bin/git checkout --progress --force -B main refs/remotes/origin/main
2026-09-06T12:14:22.1809258Z Switched to a new branch 'main'
2026-09-06T12:14:22.1837368Z branch 'main' set up to track 'origin/main'.
2026-09-06T12:14:22.1856818Z ##[endgroup]
2026-09-06T12:14:22.1928184Z [command]/usr/bin/git log -1 --format=%H
2026-09-06T12:14:22.1956049Z 86f42289c2f59a74b1f642f0b20d1a26b3d55e57
2026-09-06T12:14:22.1974155Z ##[group]Removing auth
2026-09-06T12:14:22.1975247Z Removing SSH command configuration
2026-09-06T12:14:22.1977200Z [command]/usr/bin/git config --local --name-only --get-regexp core\.sshCommand
2026-09-06T12:14:22.2039455Z [command]/usr/bin/git submodule foreach --recursive sh -c "git config --local --name-only --get-regexp 'core\.sshCommand' && git config --local --unset-all 'core.sshCommand' || :"
2026-09-06T12:14:22.2298866Z Removing HTTP extra header
2026-09-06T12:14:22.2304121Z [command]/usr/bin/git config --local --name-only --get-regexp http\.https\:\/\/github\.com\/\.extraheader
2026-09-06T12:14:22.2352390Z [command]/usr/bin/git submodule foreach --recursive sh -c "git config --local --name-only --get-regexp 'http\.https\:\/\/github\.com\/\.extraheader' && git config --local --unset-all 'http.https://github.com/.extraheader' || :"
2026-09-06T12:14:22.2624500Z Removing includeIf entries pointing to credentials config files
2026-09-06T12:14:22.2628357Z [command]/usr/bin/git config --local --name-only --get-regexp ^includeIf\.gitdir:
2026-09-06T12:14:22.2663850Z includeif.gitdir:/home/runner/work/zerorun-mvp/zerorun-mvp/.git.path
2026-09-06T12:14:22.2675968Z includeif.gitdir:/home/runner/work/zerorun-mvp/zerorun-mvp/.git/worktrees/*.path
2026-09-06T12:14:22.2678355Z includeif.gitdir:/github/workspace/.git.path
2026-09-06T12:14:22.2680511Z includeif.gitdir:/github/workspace/.git/worktrees/*.path
2026-09-06T12:14:22.2685499Z [command]/usr/bin/git config --local --get-all includeif.gitdir:/home/runner/work/zerorun-mvp/zerorun-mvp/.git.path
2026-09-06T12:14:22.2720027Z /home/runner/work/_temp/git-credentials-804532ec-3faf-453f-8168-0f14a138cc2a.config
2026-09-06T12:14:22.2743579Z [command]/usr/bin/git config --local --unset includeif.gitdir:/home/runner/work/zerorun-mvp/zerorun-mvp/.git.path /home/runner/work/_temp/git-credentials-804532ec-3faf-453f-8168-0f14a138cc2a.config
2026-09-06T12:14:22.2789152Z [command]/usr/bin/git config --local --get-all includeif.gitdir:/home/runner/work/zerorun-mvp/zerorun-mvp/.git/worktrees/*.path
2026-09-06T12:14:22.2828820Z /home/runner/work/_temp/git-credentials-804532ec-3faf-453f-8168-0f14a138cc2a.config
2026-09-06T12:14:22.2844553Z [command]/usr/bin/git config --local --unset includeif.gitdir:/home/runner/work/zerorun-mvp/zerorun-mvp/.git/worktrees/*.path /home/runner/work/_temp/git-credentials-804532ec-3faf-453f-8168-0f14a138cc2a.config
2026-09-06T12:14:22.2887797Z [command]/usr/bin/git config --local --get-all includeif.gitdir:/github/workspace/.git.path
2026-09-06T12:14:22.2925620Z /github/runner_temp/git-credentials-804532ec-3faf-453f-8168-0f14a138cc2a.config
2026-09-06T12:14:22.2957241Z [command]/usr/bin/git config --local --unset includeif.gitdir:/github/workspace/.git.path /github/runner_temp/git-credentials-804532ec-3faf-453f-8168-0f14a138cc2a.config
2026-09-06T12:14:22.3011674Z [command]/usr/bin/git config --local --get-all includeif.gitdir:/github/workspace/.git/worktrees/*.path
2026-09-06T12:14:22.3044887Z /github/runner_temp/git-credentials-804532ec-3faf-453f-8168-0f14a138cc2a.config
2026-09-06T12:14:22.3057463Z [command]/usr/bin/git config --local --unset includeif.gitdir:/github/workspace/.git/worktrees/*.path /github/runner_temp/git-credentials-804532ec-3faf-453f-8168-0f14a138cc2a.config
2026-09-06T12:14:22.3106135Z [command]/usr/bin/git submodule foreach --recursive git config --local --show-origin --name-only --get-regexp remote.origin.url
2026-09-06T12:14:22.3378302Z Removing credentials config '/home/runner/work/_temp/git-credentials-804532ec-3faf-453f-8168-0f14a138cc2a.config'
2026-09-06T12:14:22.3387920Z ##[endgroup]
2026-09-06T12:14:22.3763863Z ##[group]Run actions/setup-python@a309ff8b426b58ec0e2a45f0f869d46889d02405
2026-09-06T12:14:22.3765245Z with:
2026-09-06T12:14:22.3765803Z   python-version: 3.12
2026-09-06T12:14:22.3766469Z   check-latest: false
2026-09-06T12:14:22.3776077Z   token: ***
2026-09-06T12:14:22.3776722Z   update-environment: true
2026-09-06T12:14:22.3777483Z   allow-prereleases: false
2026-09-06T12:14:22.3778199Z   freethreaded: false
2026-09-06T12:14:22.3778816Z env:
2026-09-06T12:14:22.3779341Z   CODEX_NPM_VERSION: 0.153.3
2026-09-06T12:14:22.3781553Z   CODEX_NPM_INTEGRITY: sha512-SwQns+YIXvaXV4a6RUd9twgTPJkkfZpuTNEkTtIkwBnfw6fpT61+d6gU1WHZxK6vWFNqJCBoJEP69FIAsoPduA==
2026-09-06T12:14:22.3785080Z   CODEX_LINUX_X64_NPM_INTEGRITY: sha512-CyLvuM9Ij7sQuNtnHrzHtF+DtNISaauZZakyhy+MoFS1XxKTGv3FN4/qh6c94YZtLStZ7aUmfYQz59V3PV4zng==
2026-09-06T12:14:22.3788058Z   GENERALIZATION_RUNTIME_LOCK_SHA256: a04f815c62754114a0f0a4b7db15d02c920e7c7d006d813ac9955be00482c02c
2026-09-06T12:14:22.3791076Z   GENERALIZATION_RUNTIME_IMAGE: docker.io/library/python@sha256:9c47360a2a0355e2da18516d0b1c2126ec22c195d2185e97347c9d98398c5bef
2026-09-06T12:14:22.3793266Z   GENERALIZATION_RUNTIME_IMPLEMENTATION: CPython
2026-09-06T12:14:22.3794339Z   GENERALIZATION_RUNTIME_PYTHON_VERSION: 3.12.14
2026-09-06T12:14:22.3795260Z ##[endgroup]
2026-09-06T12:14:22.5526806Z ##[group]Installed versions
2026-09-06T12:14:22.5648172Z Successfully set up CPython (3.12.14)
2026-09-06T12:14:22.5651784Z ##[endgroup]
2026-09-06T12:14:22.5925503Z ##[group]Run python -m pip install \
2026-09-06T12:14:22.5927641Z [36;1mpython -m pip install \[0m
2026-09-06T12:14:22.5929793Z [36;1m  --require-hashes \[0m
2026-09-06T12:14:22.5932082Z [36;1m  --requirement ci/release-bootstrap-requirements.txt[0m
2026-09-06T12:14:22.5934579Z [36;1mpython -m pip install \[0m
2026-09-06T12:14:22.5936458Z [36;1m  --require-hashes \[0m
2026-09-06T12:14:22.5938594Z [36;1m  --requirement ci/release-test-requirements.txt[0m
2026-09-06T12:14:22.5941724Z [36;1mpython -m pip install --no-build-isolation --no-deps .[0m
2026-09-06T12:14:22.6045955Z shell: /usr/bin/bash -e {0}
2026-09-06T12:14:22.6047801Z env:
2026-09-06T12:14:22.6049371Z   CODEX_NPM_VERSION: 0.153.3
2026-09-06T12:14:22.6053631Z   CODEX_NPM_INTEGRITY: sha512-SwQns+YIXvaXV4a6RUd9twgTPJkkfZpuTNEkTtIkwBnfw6fpT61+d6gU1WHZxK6vWFNqJCBoJEP69FIAsoPduA==
2026-09-06T12:14:22.6060292Z   CODEX_LINUX_X64_NPM_INTEGRITY: sha512-CyLvuM9Ij7sQuNtnHrzHtF+DtNISaauZZakyhy+MoFS1XxKTGv3FN4/qh6c94YZtLStZ7aUmfYQz59V3PV4zng==
2026-09-06T12:14:22.6065821Z   GENERALIZATION_RUNTIME_LOCK_SHA256: a04f815c62754114a0f0a4b7db15d02c920e7c7d006d813ac9955be00482c02c
2026-09-06T12:14:22.6071867Z   GENERALIZATION_RUNTIME_IMAGE: docker.io/library/python@sha256:9c47360a2a0355e2da18516d0b1c2126ec22c195d2185e97347c9d98398c5bef
2026-09-06T12:14:22.6074883Z   GENERALIZATION_RUNTIME_IMPLEMENTATION: CPython
2026-09-06T12:14:22.6076550Z   GENERALIZATION_RUNTIME_PYTHON_VERSION: 3.12.14
2026-09-06T12:14:22.6078345Z   pythonLocation: /opt/hostedtoolcache/Python/3.12.14/x64
2026-09-06T12:14:22.6081492Z   PKG_CONFIG_PATH: /opt/hostedtoolcache/Python/3.12.14/x64/lib/pkgconfig
2026-09-06T12:14:22.6084469Z   Python_ROOT_DIR: /opt/hostedtoolcache/Python/3.12.14/x64
2026-09-06T12:14:22.6087604Z   Python2_ROOT_DIR: /opt/hostedtoolcache/Python/3.12.14/x64
2026-09-06T12:14:22.6091066Z   Python3_ROOT_DIR: /opt/hostedtoolcache/Python/3.12.14/x64
2026-09-06T12:14:22.6093625Z   LD_LIBRARY_PATH: /opt/hostedtoolcache/Python/3.12.14/x64/lib
2026-09-06T12:14:22.6095839Z ##[endgroup]
2026-09-06T12:14:23.5045631Z Requirement already satisfied: pip==26.2.1 in /opt/hostedtoolcache/Python/3.12.14/x64/lib/python3.12/site-packages (from -r ci/release-bootstrap-requirements.txt (line 4)) (26.2.1)
2026-09-06T12:14:23.5626738Z Collecting packaging==26.3 (from -r ci/release-bootstrap-requirements.txt (line 6))
2026-09-06T12:14:23.6094169Z   Downloading packaging-26.3-py3-none-any.whl (129 kB)
2026-09-06T12:14:23.7870169Z Collecting setuptools==84.0.0 (from -r ci/release-bootstrap-requirements.txt (line 8))
2026-09-06T12:14:23.7902755Z   Downloading setuptools-84.0.0-py3-none-any.whl (818 kB)
2026-09-06T12:14:23.8061548Z      ━━━━━━━━━━━━━━━━━━━━━━━━━━━━━━━━━━━━━━━━ 818.2/818.2 kB 78.8 MB/s  0:00:00
2026-09-06T12:14:23.8421099Z Collecting wheel==0.48.0 (from -r ci/release-bootstrap-requirements.txt (line 10))
2026-09-06T12:14:23.8471065Z   Downloading wheel-0.48.0-py3-none-any.whl (33 kB)
2026-09-06T12:14:23.9171331Z Installing collected packages: setuptools, packaging, wheel
2026-09-06T12:14:24.6405294Z 
2026-09-06T12:14:24.6421052Z Successfully installed packaging-26.3 setuptools-84.0.0 wheel-0.48.0
2026-09-06T12:14:25.0704162Z Ignoring colorama: markers 'sys_platform == "win32"' don't match your environment
2026-09-06T12:14:25.0721016Z Ignoring exceptiongroup: markers 'python_version < "3.11"' don't match your environment
2026-09-06T12:14:25.0740656Z Ignoring tomli: markers 'python_version < "3.11"' don't match your environment
2026-09-06T12:14:25.1365054Z Collecting attrs==26.1.0 (from -r ci/release-test-requirements.txt (line 4))
2026-09-06T12:14:25.1833883Z   Downloading attrs-26.1.0-py3-none-any.whl (67 kB)
2026-09-06T12:14:25.2101596Z Collecting iniconfig==2.3.0 (from -r ci/release-test-requirements.txt (line 10))
2026-09-06T12:14:25.2128152Z   Downloading iniconfig-2.3.0-py3-none-any.whl (7.5 kB)
2026-09-06T12:14:25.2348028Z Collecting jsonschema==4.26.0 (from -r ci/release-test-requirements.txt (line 12))
2026-09-06T12:14:25.2376688Z   Downloading jsonschema-4.26.0-py3-none-any.whl (90 kB)
2026-09-06T12:14:25.2565362Z Collecting jsonschema-specifications==2025.9.1 (from -r ci/release-test-requirements.txt (line 14))
2026-09-06T12:14:25.2596995Z   Downloading jsonschema_specifications-2025.9.1-py3-none-any.whl (18 kB)
2026-09-06T12:14:25.2642420Z Requirement already satisfied: packaging==26.3 in /opt/hostedtoolcache/Python/3.12.14/x64/lib/python3.12/site-packages (from -r ci/release-test-requirements.txt (line 16)) (26.3)
2026-09-06T12:14:25.2725733Z Collecting pluggy==1.6.0 (from -r ci/release-test-requirements.txt (line 18))
2026-09-06T12:14:25.2753891Z   Downloading pluggy-1.6.0-py3-none-any.whl (20 kB)
2026-09-06T12:14:25.2937862Z Collecting Pygments==2.21.0 (from -r ci/release-test-requirements.txt (line 20))
2026-09-06T12:14:25.2971427Z   Downloading pygments-2.21.0-py3-none-any.whl (1.3 MB)
2026-09-06T12:14:25.3107264Z      ━━━━━━━━━━━━━━━━━━━━━━━━━━━━━━━━━━━━━━━━ 1.3/1.3 MB 115.5 MB/s  0:00:00
2026-09-06T12:14:25.3367432Z Collecting pytest==9.1.1 (from -r ci/release-test-requirements.txt (line 22))
2026-09-06T12:14:25.3422074Z   Downloading pytest-9.1.1-py3-none-any.whl (386 kB)
2026-09-06T12:14:25.3784514Z Collecting referencing==0.37.0 (from -r ci/release-test-requirements.txt (line 24))
2026-09-06T12:14:25.3830906Z   Downloading referencing-0.37.0-py3-none-any.whl (26 kB)
2026-09-06T12:14:25.6850212Z Collecting rpds-py==0.30.0 (from -r ci/release-test-requirements.txt (line 26))
2026-09-06T12:14:25.6881858Z   Downloading rpds_py-0.30.0-cp312-cp312-manylinux_2_17_x86_64.manylinux2014_x86_64.whl (394 kB)
2026-09-06T12:14:25.7044710Z Collecting typing-extensions==4.16.0 (from -r ci/release-test-requirements.txt (line 39))
2026-09-06T12:14:25.7070499Z   Downloading typing_extensions-4.16.0-py3-none-any.whl (45 kB)
2026-09-06T12:14:25.7521925Z Installing collected packages: typing-extensions, rpds-py, Pygments, pluggy, iniconfig, attrs, referencing, pytest, jsonschema-specifications, jsonschema
2026-09-06T12:14:27.1236602Z 
2026-09-06T12:14:27.1257531Z Successfully installed Pygments-2.21.0 attrs-26.1.0 iniconfig-2.3.0 jsonschema-4.26.0 jsonschema-specifications-2025.9.1 pluggy-1.6.0 pytest-9.1.1 referencing-0.37.0 rpds-py-0.30.0 typing-extensions-4.16.0
2026-09-06T12:14:27.5795127Z Processing ./.
2026-09-06T12:14:27.5812415Z   Preparing metadata (pyproject.toml): started
2026-09-06T12:14:27.8561093Z   Preparing metadata (pyproject.toml): finished with status 'done'
2026-09-06T12:14:27.8570086Z Building wheels for collected packages: zerorun
2026-09-06T12:14:27.8579270Z   Building wheel for zerorun (pyproject.toml): started
2026-09-06T12:14:28.1721167Z   Building wheel for zerorun (pyproject.toml): finished with status 'done'
2026-09-06T12:14:28.1722712Z   Created wheel for zerorun: filename=zerorun-0.5.1-py3-none-any.whl size=241205 sha256=e74279acb8c3ac6985ca4948e664f7b04d0cda54191296bd90c25d4b6708352b
2026-09-06T12:14:28.1724355Z   Stored in directory: /tmp/pip-ephem-wheel-cache-hu2fjac5/wheels/1b/9c/04/b46e4de94db145f6881b1cb1cbeb24f106f361aca9290b693f
2026-09-06T12:14:28.1753361Z Successfully built zerorun
2026-09-06T12:14:28.1875743Z Installing collected packages: zerorun
2026-09-06T12:14:28.3945647Z Successfully installed zerorun-0.5.1
2026-09-06T12:14:28.4451378Z ##[group]Run python -m compileall -q zerorun tests
2026-09-06T12:14:28.4451816Z [36;1mpython -m compileall -q zerorun tests[0m
2026-09-06T12:14:28.4490612Z shell: /usr/bin/bash -e {0}
2026-09-06T12:14:28.4490869Z env:
2026-09-06T12:14:28.4491077Z   CODEX_NPM_VERSION: 0.153.3
2026-09-06T12:14:28.4491678Z   CODEX_NPM_INTEGRITY: sha512-SwQns+YIXvaXV4a6RUd9twgTPJkkfZpuTNEkTtIkwBnfw6fpT61+d6gU1WHZxK6vWFNqJCBoJEP69FIAsoPduA==
2026-09-06T12:14:28.4492645Z   CODEX_LINUX_X64_NPM_INTEGRITY: sha512-CyLvuM9Ij7sQuNtnHrzHtF+DtNISaauZZakyhy+MoFS1XxKTGv3FN4/qh6c94YZtLStZ7aUmfYQz59V3PV4zng==
2026-09-06T12:14:28.4493481Z   GENERALIZATION_RUNTIME_LOCK_SHA256: a04f815c62754114a0f0a4b7db15d02c920e7c7d006d813ac9955be00482c02c
2026-09-06T12:14:28.4494262Z   GENERALIZATION_RUNTIME_IMAGE: docker.io/library/python@sha256:9c47360a2a0355e2da18516d0b1c2126ec22c195d2185e97347c9d98398c5bef
2026-09-06T12:14:28.4494854Z   GENERALIZATION_RUNTIME_IMPLEMENTATION: CPython
2026-09-06T12:14:28.4495241Z   GENERALIZATION_RUNTIME_PYTHON_VERSION: 3.12.14
2026-09-06T12:14:28.4495595Z   pythonLocation: /opt/hostedtoolcache/Python/3.12.14/x64
2026-09-06T12:14:28.4496023Z   PKG_CONFIG_PATH: /opt/hostedtoolcache/Python/3.12.14/x64/lib/pkgconfig
2026-09-06T12:14:28.4496444Z   Python_ROOT_DIR: /opt/hostedtoolcache/Python/3.12.14/x64
2026-09-06T12:14:28.4496818Z   Python2_ROOT_DIR: /opt/hostedtoolcache/Python/3.12.14/x64
2026-09-06T12:14:28.4497201Z   Python3_ROOT_DIR: /opt/hostedtoolcache/Python/3.12.14/x64
2026-09-06T12:14:28.4497577Z   LD_LIBRARY_PATH: /opt/hostedtoolcache/Python/3.12.14/x64/lib
2026-09-06T12:14:28.4497898Z ##[endgroup]
2026-09-06T12:14:29.1466596Z ##[group]Run python -m pytest -q
2026-09-06T12:14:29.1466959Z [36;1mpython -m pytest -q[0m
2026-09-06T12:14:29.1506122Z shell: /usr/bin/bash -e {0}
2026-09-06T12:14:29.1506417Z env:
2026-09-06T12:14:29.1506631Z   CODEX_NPM_VERSION: 0.153.3
2026-09-06T12:14:29.1507235Z   CODEX_NPM_INTEGRITY: sha512-SwQns+YIXvaXV4a6RUd9twgTPJkkfZpuTNEkTtIkwBnfw6fpT61+d6gU1WHZxK6vWFNqJCBoJEP69FIAsoPduA==
2026-09-06T12:14:29.1508487Z   CODEX_LINUX_X64_NPM_INTEGRITY: sha512-CyLvuM9Ij7sQuNtnHrzHtF+DtNISaauZZakyhy+MoFS1XxKTGv3FN4/qh6c94YZtLStZ7aUmfYQz59V3PV4zng==
2026-09-06T12:14:29.1509315Z   GENERALIZATION_RUNTIME_LOCK_SHA256: a04f815c62754114a0f0a4b7db15d02c920e7c7d006d813ac9955be00482c02c
2026-09-06T12:14:29.1510501Z   GENERALIZATION_RUNTIME_IMAGE: docker.io/library/python@sha256:9c47360a2a0355e2da18516d0b1c2126ec22c195d2185e97347c9d98398c5bef
2026-09-06T12:14:29.1511118Z   GENERALIZATION_RUNTIME_IMPLEMENTATION: CPython
2026-09-06T12:14:29.1511446Z   GENERALIZATION_RUNTIME_PYTHON_VERSION: 3.12.14
2026-09-06T12:14:29.1511872Z   pythonLocation: /opt/hostedtoolcache/Python/3.12.14/x64
2026-09-06T12:14:29.1512316Z   PKG_CONFIG_PATH: /opt/hostedtoolcache/Python/3.12.14/x64/lib/pkgconfig
2026-09-06T12:14:29.1512732Z   Python_ROOT_DIR: /opt/hostedtoolcache/Python/3.12.14/x64
2026-09-06T12:14:29.1513107Z   Python2_ROOT_DIR: /opt/hostedtoolcache/Python/3.12.14/x64
2026-09-06T12:14:29.1513496Z   Python3_ROOT_DIR: /opt/hostedtoolcache/Python/3.12.14/x64
2026-09-06T12:14:29.1513869Z   LD_LIBRARY_PATH: /opt/hostedtoolcache/Python/3.12.14/x64/lib
2026-09-06T12:14:29.1514194Z ##[endgroup]
2026-09-06T12:14:34.6694867Z ............................................................. [  3%]
2026-09-06T12:14:36.8341493Z ........................................................................ [  8%]
2026-09-06T12:14:37.3203668Z ........................................................................ [ 12%]
2026-09-06T12:14:44.4250998Z ........................................................................ [ 16%]
2026-09-06T12:14:49.8991049Z ................s...s........................................... [ 20%]
2026-09-06T12:14:50.3273831Z ........................................................................ [ 25%]
2026-09-06T12:14:53.3498784Z ........................................................................ [ 29%]
2026-09-06T12:14:54.4648903Z ........................................................................ [ 33%]
2026-09-06T12:14:54.7434614Z ........................................................................ [ 38%]
2026-09-06T12:15:07.6982964Z ..........................................s............................. [ 42%]
2026-09-06T12:15:09.9143377Z ........................................................................ [ 46%]
2026-09-06T12:15:10.0108738Z ........................................................................ [ 51%]
2026-09-06T12:15:10.2887569Z ........................................................................ [ 55%]
2026-09-06T12:15:33.5040877Z ........................................................................ [ 60%]
2026-09-06T12:15:53.1141029Z ........................................................................ [ 64%]
2026-09-06T12:16:00.0123083Z ........................................................................ [ 68%]
2026-09-06T12:16:23.8565211Z ........................................................................ [ 73%]
2026-09-06T12:16:42.0711852Z ........................................................................ [ 77%]
2026-09-06T12:21:16.5818822Z ........................................................................ [ 81%]
2026-09-06T12:21:41.5950899Z ........................................................................ [ 86%]
2026-09-06T12:21:55.6176817Z ........................................................................ [ 90%]
2026-09-06T12:21:55.8087365Z ........................................................................ [ 94%]
2026-09-06T12:21:57.6726991Z ........................................................................ [ 99%]
2026-09-06T12:21:57.8661268Z ...........                                                              [100%]
2026-09-06T12:21:57.8662284Z =============================== warnings summary ===============================
2026-09-06T12:21:57.8663518Z tests/test_symbol_content_cache.py::test_forked_child_reinitializes_cache_lock_and_state
2026-09-06T12:21:57.8665329Z   /home/runner/work/zerorun-mvp/zerorun-mvp/tests/test_symbol_content_cache.py:231: DeprecationWarning: This process (pid=2199) is multi-threaded, use of fork() may lead to deadlocks in the child.
2026-09-06T12:21:57.8667236Z     child_pid = os.fork()
2026-09-06T12:21:57.8667663Z 
2026-09-06T12:21:57.8668170Z -- Docs: https://docs.pytest.org/en/stable/how-to/capture-warnings.html
2026-09-06T12:21:57.8669112Z 1645 passed, 3 skipped, 1 warning, 19 subtests passed in 448.27s (0:07:28)
2026-09-06T12:21:58.0578858Z Post job cleanup.
2026-09-06T12:21:58.2118223Z Post job cleanup.
2026-09-06T12:21:58.3270822Z [command]/usr/bin/git version
2026-09-06T12:21:58.3330170Z git version 2.55.0
2026-09-06T12:21:58.3384674Z Temporarily overriding HOME='/home/runner/work/_temp/b62865e0-476f-4ae7-b2f1-76992ad24788' before making global git config changes
2026-09-06T12:21:58.3386151Z Adding repository directory to the temporary git global config as a safe directory
2026-09-06T12:21:58.3410592Z [command]/usr/bin/git config --global --add safe.directory /home/runner/work/zerorun-mvp/zerorun-mvp
2026-09-06T12:21:58.3450662Z Removing SSH command configuration
2026-09-06T12:21:58.3451485Z [command]/usr/bin/git config --local --name-only --get-regexp core\.sshCommand
2026-09-06T12:21:58.3546037Z [command]/usr/bin/git submodule foreach --recursive sh -c "git config --local --name-only --get-regexp 'core\.sshCommand' && git config --local --unset-all 'core.sshCommand' || :"
2026-09-06T12:21:58.3875913Z Removing HTTP extra header
2026-09-06T12:21:58.3892760Z [command]/usr/bin/git config --local --name-only --get-regexp http\.https\:\/\/github\.com\/\.extraheader
2026-09-06T12:21:58.4101528Z [command]/usr/bin/git submodule foreach --recursive sh -c "git config --local --name-only --get-regexp 'http\.https\:\/\/github\.com\/\.extraheader' && git config --local --unset-all 'http.https://github.com/.extraheader' || :"
2026-09-06T12:21:58.4960640Z Removing includeIf entries pointing to credentials config files
2026-09-06T12:21:58.5000770Z [command]/usr/bin/git config --local --name-only --get-regexp ^includeIf\.gitdir:
2026-09-06T12:21:58.5096976Z [command]/usr/bin/git submodule foreach --recursive git config --local --show-origin --name-only --get-regexp remote.origin.url
2026-09-06T12:21:58.5911177Z Cleaning up orphan processes

