2026-09-06T12:41:26.3653257Z Current runner version: '2.337.0'
2026-09-06T12:41:26.3695199Z ##[group]Runner Image Provisioner
2026-09-06T12:41:26.3696232Z Hosted Compute Agent
2026-09-06T12:41:26.3697344Z Version: 20260828.587
2026-09-06T12:41:26.3698237Z Commit: abac92662cab4cc7352de4f9f9d2e2419aad9c29
2026-09-06T12:41:26.3699125Z Build Date: 2026-08-28T16:44:25Z
2026-09-06T12:41:26.3699913Z Worker ID: {a16bc851-6ce9-40ab-a95c-6ea6e013a5ea}
2026-09-06T12:41:26.3700901Z Azure Region: northcentralus
2026-09-06T12:41:26.3701715Z ##[endgroup]
2026-09-06T12:41:26.3703517Z ##[group]Operating System
2026-09-06T12:41:26.3704296Z Ubuntu
2026-09-06T12:41:26.3704887Z 24.04.4
2026-09-06T12:41:26.3705579Z LTS
2026-09-06T12:41:26.3706223Z ##[endgroup]
2026-09-06T12:41:26.3706932Z ##[group]Runner Image
2026-09-06T12:41:26.3707960Z Image: ubuntu-24.04
2026-09-06T12:41:26.3708653Z Version: 20260831.293.1
2026-09-06T12:41:26.3710302Z Included Software: https://github.com/actions/runner-images/blob/ubuntu24/20260831.293/images/ubuntu/Ubuntu2404-Readme.md
2026-09-06T12:41:26.3712366Z Image Release: https://github.com/actions/runner-images/releases/tag/ubuntu24%2F20260831.293
2026-09-06T12:41:26.3713612Z ##[endgroup]
2026-09-06T12:41:26.3715045Z ##[group]GITHUB_TOKEN Permissions
2026-09-06T12:41:26.3718157Z Contents: read
2026-09-06T12:41:26.3718906Z Metadata: read
2026-09-06T12:41:26.3719687Z ##[endgroup]
2026-09-06T12:41:26.3722029Z Secret source: Actions
2026-09-06T12:41:26.3723362Z Prepare workflow directory
2026-09-06T12:41:26.4631932Z Prepare all required actions
2026-09-06T12:41:26.4748131Z Getting action download info
2026-09-06T12:41:26.7389226Z Download action repository 'actions/checkout@de0fac2e4500dabe0009e67214ff5f5447ce83dd' (SHA:de0fac2e4500dabe0009e67214ff5f5447ce83dd)
2026-09-06T12:41:26.8794432Z Download action repository 'actions/download-artifact@3e5f45b2cfb9172054b4087a40e8e0b5a5461e7c' (SHA:3e5f45b2cfb9172054b4087a40e8e0b5a5461e7c)
2026-09-06T12:41:27.2535275Z Download action repository 'actions/upload-artifact@043fb46d1a93c77aae656e7c1c64a875d1fc6a0a' (SHA:043fb46d1a93c77aae656e7c1c64a875d1fc6a0a)
2026-09-06T12:41:27.4884688Z Complete job name: frozen-five-repo-strict-gate
2026-09-06T12:41:27.5445494Z ##[group]Run actions/checkout@de0fac2e4500dabe0009e67214ff5f5447ce83dd
2026-09-06T12:41:27.5446284Z with:
2026-09-06T12:41:27.5446628Z   persist-credentials: false
2026-09-06T12:41:27.5447198Z   repository: floxy-21/zerorun-mvp
2026-09-06T12:41:27.5450290Z   token: ***
2026-09-06T12:41:27.5450640Z   ssh-strict: true
2026-09-06T12:41:27.5450985Z   ssh-user: git
2026-09-06T12:41:27.5451317Z   clean: true
2026-09-06T12:41:27.5451669Z   sparse-checkout-cone-mode: true
2026-09-06T12:41:27.5452069Z   fetch-depth: 1
2026-09-06T12:41:27.5452406Z   fetch-tags: false
2026-09-06T12:41:27.5452753Z   show-progress: true
2026-09-06T12:41:27.5453104Z   lfs: false
2026-09-06T12:41:27.5453422Z   submodules: false
2026-09-06T12:41:27.5453768Z   set-safe-directory: true
2026-09-06T12:41:27.5454283Z env:
2026-09-06T12:41:27.5454603Z   CODEX_NPM_VERSION: 0.153.3
2026-09-06T12:41:27.5455477Z   CODEX_NPM_INTEGRITY: sha512-SwQns+YIXvaXV4a6RUd9twgTPJkkfZpuTNEkTtIkwBnfw6fpT61+d6gU1WHZxK6vWFNqJCBoJEP69FIAsoPduA==
2026-09-06T12:41:27.5456772Z   CODEX_LINUX_X64_NPM_INTEGRITY: sha512-CyLvuM9Ij7sQuNtnHrzHtF+DtNISaauZZakyhy+MoFS1XxKTGv3FN4/qh6c94YZtLStZ7aUmfYQz59V3PV4zng==
2026-09-06T12:41:27.5458285Z   GENERALIZATION_RUNTIME_LOCK_SHA256: a04f815c62754114a0f0a4b7db15d02c920e7c7d006d813ac9955be00482c02c
2026-09-06T12:41:27.5459377Z   GENERALIZATION_RUNTIME_IMAGE: docker.io/library/python@sha256:9c47360a2a0355e2da18516d0b1c2126ec22c195d2185e97347c9d98398c5bef
2026-09-06T12:41:27.5460235Z   GENERALIZATION_RUNTIME_IMPLEMENTATION: CPython
2026-09-06T12:41:27.5460735Z   GENERALIZATION_RUNTIME_PYTHON_VERSION: 3.12.14
2026-09-06T12:41:27.5461176Z ##[endgroup]
2026-09-06T12:41:27.6380053Z Syncing repository: floxy-21/zerorun-mvp
2026-09-06T12:41:27.6383067Z ##[group]Getting Git version info
2026-09-06T12:41:27.6394871Z Working directory is '/home/runner/work/zerorun-mvp/zerorun-mvp'
2026-09-06T12:41:27.6398076Z [command]/usr/bin/git version
2026-09-06T12:41:27.6433410Z git version 2.55.0
2026-09-06T12:41:27.6435420Z ##[endgroup]
2026-09-06T12:41:27.6475068Z Temporarily overriding HOME='/home/runner/work/_temp/1248a1da-9be8-4117-9c0d-7db1853f1d53' before making global git config changes
2026-09-06T12:41:27.6477306Z Adding repository directory to the temporary git global config as a safe directory
2026-09-06T12:41:27.6479534Z [command]/usr/bin/git config --global --add safe.directory /home/runner/work/zerorun-mvp/zerorun-mvp
2026-09-06T12:41:27.6543253Z Deleting the contents of '/home/runner/work/zerorun-mvp/zerorun-mvp'
2026-09-06T12:41:27.6544920Z ##[group]Initializing the repository
2026-09-06T12:41:27.6548958Z [command]/usr/bin/git init /home/runner/work/zerorun-mvp/zerorun-mvp
2026-09-06T12:41:27.6668023Z hint: Using 'master' as the name for the initial branch. This default branch name
2026-09-06T12:41:27.6672975Z hint: will change to "main" in Git 3.0. To configure the initial branch name
2026-09-06T12:41:27.6674309Z hint: to use in all of your new repositories, which will suppress this warning,
2026-09-06T12:41:27.6697730Z hint: call:
2026-09-06T12:41:27.6725484Z hint:
2026-09-06T12:41:27.6726426Z hint: 	git config --global init.defaultBranch <name>
2026-09-06T12:41:27.6747693Z hint:
2026-09-06T12:41:27.6767828Z hint: Names commonly chosen instead of 'master' are 'main', 'trunk' and
2026-09-06T12:41:27.6787908Z hint: 'development'. The just-created branch can be renamed via this command:
2026-09-06T12:41:27.6789077Z hint:
2026-09-06T12:41:27.6807709Z hint: 	git branch -m <name>
2026-09-06T12:41:27.6827637Z hint:
2026-09-06T12:41:27.6830375Z hint: Disable this message with "git config set advice.defaultBranchName false"
2026-09-06T12:41:27.6831912Z Initialized empty Git repository in /home/runner/work/zerorun-mvp/zerorun-mvp/.git/
2026-09-06T12:41:27.6841162Z [command]/usr/bin/git remote add origin https://github.com/floxy-21/zerorun-mvp
2026-09-06T12:41:27.6843507Z ##[endgroup]
2026-09-06T12:41:27.6844612Z ##[group]Disabling automatic garbage collection
2026-09-06T12:41:27.6845812Z [command]/usr/bin/git config --local gc.auto 0
2026-09-06T12:41:27.6848222Z ##[endgroup]
2026-09-06T12:41:27.6849141Z ##[group]Setting up auth
2026-09-06T12:41:27.6849862Z Removing SSH command configuration
2026-09-06T12:41:27.6850870Z [command]/usr/bin/git config --local --name-only --get-regexp core\.sshCommand
2026-09-06T12:41:27.6853703Z [command]/usr/bin/git submodule foreach --recursive sh -c "git config --local --name-only --get-regexp 'core\.sshCommand' && git config --local --unset-all 'core.sshCommand' || :"
2026-09-06T12:41:27.7215109Z Removing HTTP extra header
2026-09-06T12:41:27.7216772Z [command]/usr/bin/git config --local --name-only --get-regexp http\.https\:\/\/github\.com\/\.extraheader
2026-09-06T12:41:27.7399937Z [command]/usr/bin/git submodule foreach --recursive sh -c "git config --local --name-only --get-regexp 'http\.https\:\/\/github\.com\/\.extraheader' && git config --local --unset-all 'http.https://github.com/.extraheader' || :"
2026-09-06T12:41:27.7519744Z Removing includeIf entries pointing to credentials config files
2026-09-06T12:41:27.7523915Z [command]/usr/bin/git config --local --name-only --get-regexp ^includeIf\.gitdir:
2026-09-06T12:41:27.7556140Z [command]/usr/bin/git submodule foreach --recursive git config --local --show-origin --name-only --get-regexp remote.origin.url
2026-09-06T12:41:27.7771689Z [command]/usr/bin/git config --file /home/runner/work/_temp/git-credentials-1aec7ecc-68ea-4c8a-9e2c-8acd04b9f9a3.config http.https://github.com/.extraheader AUTHORIZATION: basic ***
2026-09-06T12:41:27.7799743Z [command]/usr/bin/git config --local includeIf.gitdir:/home/runner/work/zerorun-mvp/zerorun-mvp/.git.path /home/runner/work/_temp/git-credentials-1aec7ecc-68ea-4c8a-9e2c-8acd04b9f9a3.config
2026-09-06T12:41:27.7838455Z [command]/usr/bin/git config --local includeIf.gitdir:/home/runner/work/zerorun-mvp/zerorun-mvp/.git/worktrees/*.path /home/runner/work/_temp/git-credentials-1aec7ecc-68ea-4c8a-9e2c-8acd04b9f9a3.config
2026-09-06T12:41:27.7865633Z [command]/usr/bin/git config --local includeIf.gitdir:/github/workspace/.git.path /github/runner_temp/git-credentials-1aec7ecc-68ea-4c8a-9e2c-8acd04b9f9a3.config
2026-09-06T12:41:27.7897942Z [command]/usr/bin/git config --local includeIf.gitdir:/github/workspace/.git/worktrees/*.path /github/runner_temp/git-credentials-1aec7ecc-68ea-4c8a-9e2c-8acd04b9f9a3.config
2026-09-06T12:41:27.8171664Z ##[endgroup]
2026-09-06T12:41:27.8172630Z ##[group]Fetching the repository
2026-09-06T12:41:27.8175125Z [command]/usr/bin/git -c protocol.version=2 fetch --no-tags --prune --no-recurse-submodules --depth=1 origin +86f42289c2f59a74b1f642f0b20d1a26b3d55e57:refs/remotes/origin/main
2026-09-06T12:41:28.6062238Z From https://github.com/floxy-21/zerorun-mvp
2026-09-06T12:41:28.6063486Z  * [new ref]         86f42289c2f59a74b1f642f0b20d1a26b3d55e57 -> origin/main
2026-09-06T12:41:28.6066369Z [command]/usr/bin/git branch --list --remote origin/main
2026-09-06T12:41:28.6080746Z   origin/main
2026-09-06T12:41:28.6096159Z [command]/usr/bin/git rev-parse refs/remotes/origin/main
2026-09-06T12:41:28.6111568Z 86f42289c2f59a74b1f642f0b20d1a26b3d55e57
2026-09-06T12:41:28.6120900Z ##[endgroup]
2026-09-06T12:41:28.6122083Z ##[group]Determining the checkout info
2026-09-06T12:41:28.6123397Z ##[endgroup]
2026-09-06T12:41:28.6124240Z [command]/usr/bin/git sparse-checkout disable
2026-09-06T12:41:28.6167487Z [command]/usr/bin/git config --local --unset-all extensions.worktreeConfig
2026-09-06T12:41:28.6194206Z ##[group]Checking out the ref
2026-09-06T12:41:28.6197594Z [command]/usr/bin/git checkout --progress --force -B main refs/remotes/origin/main
2026-09-06T12:41:28.7285838Z Switched to a new branch 'main'
2026-09-06T12:41:28.7286899Z branch 'main' set up to track 'origin/main'.
2026-09-06T12:41:28.7289531Z ##[endgroup]
2026-09-06T12:41:28.7291010Z [command]/usr/bin/git log -1 --format=%H
2026-09-06T12:41:28.7291817Z 86f42289c2f59a74b1f642f0b20d1a26b3d55e57
2026-09-06T12:41:28.7293760Z ##[group]Removing auth
2026-09-06T12:41:28.7294448Z Removing SSH command configuration
2026-09-06T12:41:28.7295771Z [command]/usr/bin/git config --local --name-only --get-regexp core\.sshCommand
2026-09-06T12:41:28.7299020Z [command]/usr/bin/git submodule foreach --recursive sh -c "git config --local --name-only --get-regexp 'core\.sshCommand' && git config --local --unset-all 'core.sshCommand' || :"
2026-09-06T12:41:28.7301872Z Removing HTTP extra header
2026-09-06T12:41:28.7303047Z [command]/usr/bin/git config --local --name-only --get-regexp http\.https\:\/\/github\.com\/\.extraheader
2026-09-06T12:41:28.7306602Z [command]/usr/bin/git submodule foreach --recursive sh -c "git config --local --name-only --get-regexp 'http\.https\:\/\/github\.com\/\.extraheader' && git config --local --unset-all 'http.https://github.com/.extraheader' || :"
2026-09-06T12:41:28.7395301Z Removing includeIf entries pointing to credentials config files
2026-09-06T12:41:28.7396792Z [command]/usr/bin/git config --local --name-only --get-regexp ^includeIf\.gitdir:
2026-09-06T12:41:28.7416323Z includeif.gitdir:/home/runner/work/zerorun-mvp/zerorun-mvp/.git.path
2026-09-06T12:41:28.7418775Z includeif.gitdir:/home/runner/work/zerorun-mvp/zerorun-mvp/.git/worktrees/*.path
2026-09-06T12:41:28.7420402Z includeif.gitdir:/github/workspace/.git.path
2026-09-06T12:41:28.7421724Z includeif.gitdir:/github/workspace/.git/worktrees/*.path
2026-09-06T12:41:28.7427576Z [command]/usr/bin/git config --local --get-all includeif.gitdir:/home/runner/work/zerorun-mvp/zerorun-mvp/.git.path
2026-09-06T12:41:28.7451368Z /home/runner/work/_temp/git-credentials-1aec7ecc-68ea-4c8a-9e2c-8acd04b9f9a3.config
2026-09-06T12:41:28.7468300Z [command]/usr/bin/git config --local --unset includeif.gitdir:/home/runner/work/zerorun-mvp/zerorun-mvp/.git.path /home/runner/work/_temp/git-credentials-1aec7ecc-68ea-4c8a-9e2c-8acd04b9f9a3.config
2026-09-06T12:41:28.7495517Z [command]/usr/bin/git config --local --get-all includeif.gitdir:/home/runner/work/zerorun-mvp/zerorun-mvp/.git/worktrees/*.path
2026-09-06T12:41:28.7531019Z /home/runner/work/_temp/git-credentials-1aec7ecc-68ea-4c8a-9e2c-8acd04b9f9a3.config
2026-09-06T12:41:28.7538753Z [command]/usr/bin/git config --local --unset includeif.gitdir:/home/runner/work/zerorun-mvp/zerorun-mvp/.git/worktrees/*.path /home/runner/work/_temp/git-credentials-1aec7ecc-68ea-4c8a-9e2c-8acd04b9f9a3.config
2026-09-06T12:41:28.7572371Z [command]/usr/bin/git config --local --get-all includeif.gitdir:/github/workspace/.git.path
2026-09-06T12:41:28.7606128Z /github/runner_temp/git-credentials-1aec7ecc-68ea-4c8a-9e2c-8acd04b9f9a3.config
2026-09-06T12:41:28.7622012Z [command]/usr/bin/git config --local --unset includeif.gitdir:/github/workspace/.git.path /github/runner_temp/git-credentials-1aec7ecc-68ea-4c8a-9e2c-8acd04b9f9a3.config
2026-09-06T12:41:28.7652518Z [command]/usr/bin/git config --local --get-all includeif.gitdir:/github/workspace/.git/worktrees/*.path
2026-09-06T12:41:28.7675241Z /github/runner_temp/git-credentials-1aec7ecc-68ea-4c8a-9e2c-8acd04b9f9a3.config
2026-09-06T12:41:28.7697221Z [command]/usr/bin/git config --local --unset includeif.gitdir:/github/workspace/.git/worktrees/*.path /github/runner_temp/git-credentials-1aec7ecc-68ea-4c8a-9e2c-8acd04b9f9a3.config
2026-09-06T12:41:28.7729415Z [command]/usr/bin/git submodule foreach --recursive git config --local --show-origin --name-only --get-regexp remote.origin.url
2026-09-06T12:41:28.7917875Z Removing credentials config '/home/runner/work/_temp/git-credentials-1aec7ecc-68ea-4c8a-9e2c-8acd04b9f9a3.config'
2026-09-06T12:41:28.7924315Z ##[endgroup]
2026-09-06T12:41:28.8229964Z ##[group]Run actions/download-artifact@3e5f45b2cfb9172054b4087a40e8e0b5a5461e7c
2026-09-06T12:41:28.8230697Z with:
2026-09-06T12:41:28.8231102Z   pattern: product-generalization-*
2026-09-06T12:41:28.8231599Z   path: receipts
2026-09-06T12:41:28.8231998Z   merge-multiple: true
2026-09-06T12:41:28.8232432Z   repository: floxy-21/zerorun-mvp
2026-09-06T12:41:28.8232895Z   run-id: 34032505986
2026-09-06T12:41:28.8233329Z   skip-decompress: false
2026-09-06T12:41:28.8233758Z   digest-mismatch: error
2026-09-06T12:41:28.8234165Z env:
2026-09-06T12:41:28.8234534Z   CODEX_NPM_VERSION: 0.153.3
2026-09-06T12:41:28.8235450Z   CODEX_NPM_INTEGRITY: sha512-SwQns+YIXvaXV4a6RUd9twgTPJkkfZpuTNEkTtIkwBnfw6fpT61+d6gU1WHZxK6vWFNqJCBoJEP69FIAsoPduA==
2026-09-06T12:41:28.8236876Z   CODEX_LINUX_X64_NPM_INTEGRITY: sha512-CyLvuM9Ij7sQuNtnHrzHtF+DtNISaauZZakyhy+MoFS1XxKTGv3FN4/qh6c94YZtLStZ7aUmfYQz59V3PV4zng==
2026-09-06T12:41:28.8238413Z   GENERALIZATION_RUNTIME_LOCK_SHA256: a04f815c62754114a0f0a4b7db15d02c920e7c7d006d813ac9955be00482c02c
2026-09-06T12:41:28.8239620Z   GENERALIZATION_RUNTIME_IMAGE: docker.io/library/python@sha256:9c47360a2a0355e2da18516d0b1c2126ec22c195d2185e97347c9d98398c5bef
2026-09-06T12:41:28.8240566Z   GENERALIZATION_RUNTIME_IMPLEMENTATION: CPython
2026-09-06T12:41:28.8241134Z   GENERALIZATION_RUNTIME_PYTHON_VERSION: 3.12.14
2026-09-06T12:41:28.8241641Z ##[endgroup]
2026-09-06T12:41:29.0973091Z Found 6 artifact(s)
2026-09-06T12:41:29.0975461Z Filtering artifacts by pattern 'product-generalization-*'
2026-09-06T12:41:29.0992821Z Preparing to download the following artifacts:
2026-09-06T12:41:29.0995651Z - product-generalization-more-itertools (ID: 9989496907, Size: 19359, Expected Digest: sha256:a265ae68158cd2554068ea4a2d4b374d1d6cd28c2a85f80874a60de6f2cc694d)
2026-09-06T12:41:29.1016664Z - product-generalization-click (ID: 9989134027, Size: 18058, Expected Digest: sha256:0502579727d8e4546a5537b3f630179a8cd81d8d8ba0bf081fcdb23a553766c3)
2026-09-06T12:41:29.1029582Z - product-generalization-packaging (ID: 9989130281, Size: 18299, Expected Digest: sha256:f60923a3190aa01546f8c14bb13a2d9985b0785d9a87a1db439eb083ca817c36)
2026-09-06T12:41:29.1039233Z - product-generalization-pycparser (ID: 9989128645, Size: 18375, Expected Digest: sha256:63adcbbbc698665e75fbd8fae70e81818dfa025a4715d0c28c78e8377494f8cb)
2026-09-06T12:41:29.1047834Z - product-generalization-colorama (ID: 9989126415, Size: 17693, Expected Digest: sha256:6ed165fe494d9f25335bee07008f83240521b38edc6b781416cdc8883394f0ef)
2026-09-06T12:41:29.3505113Z Redirecting to blob download url: https://productionresultssa17.blob.core.windows.net/actions-results/4aa05ce6-2399-40d1-b62a-1c9fb3834f5f/workflow-job-run-c1eb1b0a-831d-56b1-a024-b4453d6b05a3/artifacts/4c1a05b43e8b869a9624e54ff01a4e8b1bfd8b15eb2009c5812eb9a7fb907157.zip
2026-09-06T12:41:29.3512720Z Starting download of artifact to: /home/runner/work/zerorun-mvp/zerorun-mvp/receipts
2026-09-06T12:41:29.3530442Z Redirecting to blob download url: https://productionresultssa17.blob.core.windows.net/actions-results/4aa05ce6-2399-40d1-b62a-1c9fb3834f5f/workflow-job-run-d6829b0e-c644-5958-8562-8e6beb20f8dd/artifacts/78a469629bf79673c763ecddebee7fa8b48cb4032c7b07fcaf15565de5bf7e32.zip
2026-09-06T12:41:29.3539456Z Starting download of artifact to: /home/runner/work/zerorun-mvp/zerorun-mvp/receipts
2026-09-06T12:41:29.3626303Z Redirecting to blob download url: https://productionresultssa17.blob.core.windows.net/actions-results/4aa05ce6-2399-40d1-b62a-1c9fb3834f5f/workflow-job-run-609e40e3-04b9-558b-be38-dbc24c253f1c/artifacts/66d0f4aebc804e845bf010c5ac25127afe6c0116d151fd5fbf148d873bf1f582.zip
2026-09-06T12:41:29.3633826Z Starting download of artifact to: /home/runner/work/zerorun-mvp/zerorun-mvp/receipts
2026-09-06T12:41:29.3667256Z Redirecting to blob download url: https://productionresultssa17.blob.core.windows.net/actions-results/4aa05ce6-2399-40d1-b62a-1c9fb3834f5f/workflow-job-run-45150e9e-6804-518a-b42b-4e020d0943d7/artifacts/994197c92ae2e0feb6c1be1e22db0a91ea3b4eb0842b2839f3ffc6ef648a3f7b.zip
2026-09-06T12:41:29.3674080Z Starting download of artifact to: /home/runner/work/zerorun-mvp/zerorun-mvp/receipts
2026-09-06T12:41:29.3825177Z Redirecting to blob download url: https://productionresultssa17.blob.core.windows.net/actions-results/4aa05ce6-2399-40d1-b62a-1c9fb3834f5f/workflow-job-run-a50d9ffa-2aa1-5b73-9e64-9dd4a1ad31e7/artifacts/e18859c54097d45f5a0f6bc69c2f92c8915db9e0d68b9dd72f3669eec9dfe419.zip
2026-09-06T12:41:29.3830886Z Starting download of artifact to: /home/runner/work/zerorun-mvp/zerorun-mvp/receipts
2026-09-06T12:41:29.4450393Z (node:2022) [DEP0005] DeprecationWarning: Buffer() is deprecated due to security and usability issues. Please use the Buffer.alloc(), Buffer.allocUnsafe(), or Buffer.from() methods instead.
2026-09-06T12:41:29.4455968Z (Use `node --trace-deprecation ...` to show where the warning was created)
2026-09-06T12:41:29.4517284Z SHA256 digest of downloaded artifact is a265ae68158cd2554068ea4a2d4b374d1d6cd28c2a85f80874a60de6f2cc694d
2026-09-06T12:41:29.4519852Z Artifact download completed successfully.
2026-09-06T12:41:29.4523727Z SHA256 digest of downloaded artifact is f60923a3190aa01546f8c14bb13a2d9985b0785d9a87a1db439eb083ca817c36
2026-09-06T12:41:29.4526476Z Artifact download completed successfully.
2026-09-06T12:41:29.4692701Z SHA256 digest of downloaded artifact is 6ed165fe494d9f25335bee07008f83240521b38edc6b781416cdc8883394f0ef
2026-09-06T12:41:29.4696035Z Artifact download completed successfully.
2026-09-06T12:41:29.4699696Z SHA256 digest of downloaded artifact is 63adcbbbc698665e75fbd8fae70e81818dfa025a4715d0c28c78e8377494f8cb
2026-09-06T12:41:29.4703004Z Artifact download completed successfully.
2026-09-06T12:41:29.4955715Z SHA256 digest of downloaded artifact is 0502579727d8e4546a5537b3f630179a8cd81d8d8ba0bf081fcdb23a553766c3
2026-09-06T12:41:29.4958979Z Artifact download completed successfully.
2026-09-06T12:41:29.4960872Z Total of 5 artifact(s) downloaded
2026-09-06T12:41:29.4962733Z Download artifact has finished successfully
2026-09-06T12:41:29.5099913Z ##[group]Run set -euo pipefail
2026-09-06T12:41:29.5101476Z [36;1mset -euo pipefail[0m
2026-09-06T12:41:29.5102438Z [36;1mpython - <<'PY'[0m
2026-09-06T12:41:29.5103448Z [36;1mimport glob[0m
2026-09-06T12:41:29.5104373Z [36;1mimport hashlib[0m
2026-09-06T12:41:29.5105276Z [36;1mimport json[0m
2026-09-06T12:41:29.5106140Z [36;1mimport math[0m
2026-09-06T12:41:29.5107126Z [36;1mimport os[0m
2026-09-06T12:41:29.5107992Z [36;1mimport re[0m
2026-09-06T12:41:29.5109059Z [36;1mfrom pathlib import Path[0m
2026-09-06T12:41:29.5110057Z [36;1m[0m
2026-09-06T12:41:29.5111282Z [36;1mfrom tools.validate_release_prerequisites import _validate_performance[0m
2026-09-06T12:41:29.5112730Z [36;1m[0m
2026-09-06T12:41:29.5113559Z [36;1mdef canonical_sha256(payload):[0m
2026-09-06T12:41:29.5114638Z [36;1m    encoded = json.dumps([0m
2026-09-06T12:41:29.5115643Z [36;1m        payload,[0m
2026-09-06T12:41:29.5116551Z [36;1m        sort_keys=True,[0m
2026-09-06T12:41:29.5117816Z [36;1m        separators=(",", ":"),[0m
2026-09-06T12:41:29.5118871Z [36;1m        ensure_ascii=True,[0m
2026-09-06T12:41:29.5119884Z [36;1m        allow_nan=False,[0m
2026-09-06T12:41:29.5120874Z [36;1m    ).encode("utf-8")[0m
2026-09-06T12:41:29.5121973Z [36;1m    return hashlib.sha256(encoded).hexdigest()[0m
2026-09-06T12:41:29.5123128Z [36;1m[0m
2026-09-06T12:41:29.5123963Z [36;1mdef finite_nonnegative_ms(value):[0m
2026-09-06T12:41:29.5125473Z [36;1m    assert isinstance(value, (int, float)) and not isinstance(value, bool), value[0m
2026-09-06T12:41:29.5127358Z [36;1m    assert math.isfinite(value) and value >= 0.0, value[0m
2026-09-06T12:41:29.5128658Z [36;1m    return float(value)[0m
2026-09-06T12:41:29.5129644Z [36;1m[0m
2026-09-06T12:41:29.5130508Z [36;1mdef validate_dependency_layer(data):[0m
2026-09-06T12:41:29.5131729Z [36;1m    layer = data["frozen_dependency_layer"][0m
2026-09-06T12:41:29.5133335Z [36;1m    assert layer["schema"] == "zerorun.generalization-dependency-layer.v1", layer[0m
2026-09-06T12:41:29.5135027Z [36;1m    construction = layer["construction_contract"][0m
2026-09-06T12:41:29.5136540Z [36;1m    assert construction["schema"] == layer["schema"], construction[0m
2026-09-06T12:41:29.5138705Z [36;1m    assert construction["methodology_version"] == data["methodology_version"], construction[0m
2026-09-06T12:41:29.5140430Z [36;1m    assert construction["runtime"] == {[0m
2026-09-06T12:41:29.5141596Z [36;1m        "image": data["runtime_image"],[0m
2026-09-06T12:41:29.5142734Z [36;1m        "platform": "linux/amd64",[0m
2026-09-06T12:41:29.5144144Z [36;1m        "python_implementation": data["runtime_python_implementation"],[0m
2026-09-06T12:41:29.5145665Z [36;1m        "python_implementation_id": "cpython",[0m
2026-09-06T12:41:29.5147111Z [36;1m        "python_version": data["runtime_python_version"],[0m
2026-09-06T12:41:29.5148375Z [36;1m    }, construction[0m
2026-09-06T12:41:29.5149473Z [36;1m    requirements = construction["requirements"][0m
2026-09-06T12:41:29.5151274Z [36;1m    assert requirements["path"] == "ci/generalization-runtime-requirements.txt", requirements[0m
2026-09-06T12:41:29.5153653Z [36;1m    assert isinstance(requirements["size"], int) and not isinstance(requirements["size"], bool), requirements[0m
2026-09-06T12:41:29.5155605Z [36;1m    assert requirements["size"] > 0, requirements[0m
2026-09-06T12:41:29.5157388Z [36;1m    assert requirements["sha256"] == data["runtime_requirements_sha256"], requirements[0m
2026-09-06T12:41:29.5159485Z [36;1m    assert construction["extra_requirements"] == data["extra_requirements"], construction[0m
2026-09-06T12:41:29.5161163Z [36;1m    installer = construction["installer"][0m
2026-09-06T12:41:29.5162710Z [36;1m    assert installer["entrypoint"] == ["/usr/local/bin/python", "-I", "-c"], installer[0m
2026-09-06T12:41:29.5164875Z [36;1m    assert installer["pull_policy"] == "never", installer[0m
2026-09-06T12:41:29.5166740Z [36;1m    assert installer["container_user"] == "exact-private-staging-owner", installer[0m
2026-09-06T12:41:29.5168570Z [36;1m    assert installer["capabilities"] == "drop-all", installer[0m
2026-09-06T12:41:29.5170062Z [36;1m    assert installer["no_new_privileges"] is True, installer[0m
2026-09-06T12:41:29.5171926Z [36;1m    assert installer["resource_args"] == data["container_resource_envelope"]["docker_args"], installer[0m
2026-09-06T12:41:29.5173956Z [36;1m    assert re.fullmatch(r"[0-9a-f]{64}", installer["bootstrap_sha256"]), installer[0m
2026-09-06T12:41:29.5175974Z [36;1m    assert layer["installer_bootstrap_sha256"] == installer["bootstrap_sha256"], layer[0m
2026-09-06T12:41:29.5178176Z [36;1m    assert layer["installer_arguments_sha256"] == canonical_sha256(installer["arguments"]), layer[0m
2026-09-06T12:41:29.5179812Z [36;1m    for field in ([0m
2026-09-06T12:41:29.5180809Z [36;1m        "construction_identity_sha256",[0m
2026-09-06T12:41:29.5181940Z [36;1m        "content_tree_sha256",[0m
2026-09-06T12:41:29.5182996Z [36;1m        "wrapper_sha256",[0m
2026-09-06T12:41:29.5184013Z [36;1m        "manifest_sha256",[0m
2026-09-06T12:41:29.5184999Z [36;1m    ):[0m
2026-09-06T12:41:29.5186165Z [36;1m        assert re.fullmatch(r"[0-9a-f]{64}", layer[field]), (field, layer)[0m
2026-09-06T12:41:29.5188149Z [36;1m    assert layer["construction_identity_sha256"] == canonical_sha256(construction), layer[0m
2026-09-06T12:41:29.5190247Z [36;1m    assert layer["content_addressed_directory_name"] == layer["content_tree_sha256"], layer[0m
2026-09-06T12:41:29.5192115Z [36;1m    assert layer["runtime_image"] == data["runtime_image"], layer[0m
2026-09-06T12:41:29.5193972Z [36;1m    assert layer["runtime_requirements_sha256"] == data["runtime_requirements_sha256"], layer[0m
2026-09-06T12:41:29.5195925Z [36;1m    assert layer["extra_requirements"] == data["extra_requirements"], layer[0m
2026-09-06T12:41:29.5197779Z [36;1m    assert layer["wrapper_sha256"] == construction["wrapper_sha256"], layer[0m
2026-09-06T12:41:29.5199566Z [36;1m    assert layer["manifest_sha256"] == construction["manifest_sha256"], layer[0m
2026-09-06T12:41:29.5201324Z [36;1m    assert layer["read_only_mode_and_content_verified"] is True, layer[0m
2026-09-06T12:41:29.5202953Z [36;1m    assert layer["source_hardlinks_rejected"] is True, layer[0m
2026-09-06T12:41:29.5204391Z [36;1m    assert layer["content_addressed"] is True, layer[0m
2026-09-06T12:41:29.5205683Z [36;1m    assert layer["build_count"] == 1, layer[0m
2026-09-06T12:41:29.5207143Z [36;1m    assert layer["private_materialization_count"] == 2, layer[0m
2026-09-06T12:41:29.5209026Z [36;1m    assert layer["private_materialization_method"] == "exclusive-byte-copy-no-hardlinks", layer[0m
2026-09-06T12:41:29.5210988Z [36;1m    assert layer["shared_writable_dependency_state"] is False, layer[0m
2026-09-06T12:41:29.5212599Z [36;1m    assert layer["independent_result_cache_count"] == 2, layer[0m
2026-09-06T12:41:29.5214258Z [36;1m    assert layer["cleanup_confirmed_before_receipt_return"] is True, layer[0m
2026-09-06T12:41:29.5215634Z [36;1m[0m
2026-09-06T12:41:29.5216445Z [36;1m    timing = layer["timing_ms"][0m
2026-09-06T12:41:29.5217773Z [36;1m    build_ms = finite_nonnegative_ms(timing["build_once"])[0m
2026-09-06T12:41:29.5219038Z [36;1m    assert math.isclose([0m
2026-09-06T12:41:29.5220019Z [36;1m        build_ms,[0m
2026-09-06T12:41:29.5221103Z [36;1m        finite_nonnegative_ms(layer["build_once_ms"]),[0m
2026-09-06T12:41:29.5222283Z [36;1m        rel_tol=0.0,[0m
2026-09-06T12:41:29.5223225Z [36;1m        abs_tol=0.001,[0m
2026-09-06T12:41:29.5224162Z [36;1m    ), layer[0m
2026-09-06T12:41:29.5225108Z [36;1m    records = data["trajectory_records"][0m
2026-09-06T12:41:29.5226278Z [36;1m    assert len(records) == 2, records[0m
2026-09-06T12:41:29.5227781Z [36;1m    assert {record["trajectory"] for record in records} == {1, 2}, records[0m
2026-09-06T12:41:29.5229198Z [36;1m    materialization_ms = 0.0[0m
2026-09-06T12:41:29.5230346Z [36;1m    for record in records:[0m
2026-09-06T12:41:29.5231660Z [36;1m        assert record["isolated_checkout_and_cache"] is True, record[0m
2026-09-06T12:41:29.5233349Z [36;1m        record_ms = finite_nonnegative_ms(record["environment_bootstrap_ms"])[0m
2026-09-06T12:41:29.5235015Z [36;1m        materialization = record["environment_materialization"][0m
2026-09-06T12:41:29.5237301Z [36;1m        assert materialization["schema"] == "zerorun.generalization-private-dependency-materialization.v1", materialization[0m
2026-09-06T12:41:29.5239971Z [36;1m        assert materialization["content_tree_sha256"] == layer["content_tree_sha256"], materialization[0m
2026-09-06T12:41:29.5242389Z [36;1m        assert materialization["construction_identity_sha256"] == layer["construction_identity_sha256"], materialization[0m
2026-09-06T12:41:29.5244723Z [36;1m        assert materialization["manifest_sha256"] == layer["manifest_sha256"], materialization[0m
2026-09-06T12:41:29.5246699Z [36;1m        assert materialization["private_byte_copy"] is True, materialization[0m
2026-09-06T12:41:29.5248584Z [36;1m        assert materialization["shared_hardlinks"] is False, materialization[0m
2026-09-06T12:41:29.5250542Z [36;1m        assert materialization["read_only_mode_and_content_verified"] is True, materialization[0m
2026-09-06T12:41:29.5252579Z [36;1m        assert materialization["isolated_result_cache"] is True, materialization[0m
2026-09-06T12:41:29.5254056Z [36;1m        components_ms = sum([0m
2026-09-06T12:41:29.5255267Z [36;1m            finite_nonnegative_ms(materialization[field])[0m
2026-09-06T12:41:29.5256471Z [36;1m            for field in ([0m
2026-09-06T12:41:29.5257591Z [36;1m                "private_copy_ms",[0m
2026-09-06T12:41:29.5258685Z [36;1m                "verification_ms",[0m
2026-09-06T12:41:29.5259825Z [36;1m                "manifest_write_and_verify_ms",[0m
2026-09-06T12:41:29.5261020Z [36;1m                "timing_remainder_ms",[0m
2026-09-06T12:41:29.5262084Z [36;1m            )[0m
2026-09-06T12:41:29.5262939Z [36;1m        )[0m
2026-09-06T12:41:29.5264345Z [36;1m        assert math.isclose(record_ms, components_ms, rel_tol=0.0, abs_tol=0.005), materialization[0m
2026-09-06T12:41:29.5266014Z [36;1m        materialization_ms += record_ms[0m
2026-09-06T12:41:29.5267178Z [36;1m[0m
2026-09-06T12:41:29.5267968Z [36;1m    assert math.isclose([0m
2026-09-06T12:41:29.5269442Z [36;1m        finite_nonnegative_ms(timing["private_materialization_and_verification_total"]),[0m
2026-09-06T12:41:29.5270997Z [36;1m        materialization_ms,[0m
2026-09-06T12:41:29.5272004Z [36;1m        rel_tol=0.0,[0m
2026-09-06T12:41:29.5272928Z [36;1m        abs_tol=0.005,[0m
2026-09-06T12:41:29.5273864Z [36;1m    ), layer[0m
2026-09-06T12:41:29.5274803Z [36;1m    charged_ms = finite_nonnegative_ms([0m
2026-09-06T12:41:29.5276306Z [36;1m        data["cost_ledger_ms"]["symmetric_environment_bootstrap_charged_to_each_arm"][0m
2026-09-06T12:41:29.5277837Z [36;1m    )[0m
2026-09-06T12:41:29.5279249Z [36;1m    assert math.isclose(charged_ms, build_ms + materialization_ms, rel_tol=0.0, abs_tol=0.005), data[0m
2026-09-06T12:41:29.5280881Z [36;1m    assert math.isclose([0m
2026-09-06T12:41:29.5282268Z [36;1m        finite_nonnegative_ms(timing["total_charged_symmetrically_to_each_arm"]),[0m
2026-09-06T12:41:29.5283699Z [36;1m        charged_ms,[0m
2026-09-06T12:41:29.5284618Z [36;1m        rel_tol=0.0,[0m
2026-09-06T12:41:29.5285543Z [36;1m        abs_tol=0.005,[0m
2026-09-06T12:41:29.5286479Z [36;1m    ), layer[0m
2026-09-06T12:41:29.5287374Z [36;1m[0m
2026-09-06T12:41:29.5288214Z [36;1mdef validate_source_identity(data):[0m
2026-09-06T12:41:29.5289344Z [36;1m    source = data["source_identity"][0m
2026-09-06T12:41:29.5290430Z [36;1m    assert set(source) == {[0m
2026-09-06T12:41:29.5291419Z [36;1m        "pre",[0m
2026-09-06T12:41:29.5292290Z [36;1m        "post",[0m
2026-09-06T12:41:29.5293161Z [36;1m        "stable",[0m
2026-09-06T12:41:29.5294290Z [36;1m        "caller_expected_engine_sha",[0m
2026-09-06T12:41:29.5295536Z [36;1m        "caller_expected_engine_python_source_sha256",[0m
2026-09-06T12:41:29.5296806Z [36;1m        "caller_expected_trial_tool_sha256",[0m
2026-09-06T12:41:29.5297976Z [36;1m    }, source[0m
2026-09-06T12:41:29.5298954Z [36;1m    assert source["stable"] is True, source[0m
2026-09-06T12:41:29.5300074Z [36;1m    pre = source["pre"][0m
2026-09-06T12:41:29.5301140Z [36;1m    assert pre == source["post"], source[0m
2026-09-06T12:41:29.5302348Z [36;1m    assert set(pre) == {[0m
2026-09-06T12:41:29.5303318Z [36;1m        "schema",[0m
2026-09-06T12:41:29.5304237Z [36;1m        "engine_version",[0m
2026-09-06T12:41:29.5305236Z [36;1m        "engine_python_source",[0m
2026-09-06T12:41:29.5306256Z [36;1m        "trial_tool",[0m
2026-09-06T12:41:29.5307367Z [36;1m        "git",[0m
2026-09-06T12:41:29.5308257Z [36;1m        "identity_sha256",[0m
2026-09-06T12:41:29.5309219Z [36;1m    }, pre[0m
2026-09-06T12:41:29.5310555Z [36;1m    assert pre["schema"] == "zerorun.product-generalization-source-identity.v1", pre[0m
2026-09-06T12:41:29.5312370Z [36;1m    assert pre["engine_version"] == data["engine_version"] == "0.5.1", data[0m
2026-09-06T12:41:29.5313740Z [36;1m    assert set(pre["git"]) == {[0m
2026-09-06T12:41:29.5314752Z [36;1m        "commit",[0m
2026-09-06T12:41:29.5315734Z [36;1m        "engine_python_sources_dirty",[0m
2026-09-06T12:41:29.5316821Z [36;1m        "trial_tool_dirty",[0m
2026-09-06T12:41:29.5317903Z [36;1m    }, pre[0m
2026-09-06T12:41:29.5318990Z [36;1m    assert pre["git"]["commit"] == os.environ["GITHUB_SHA"], pre[0m
2026-09-06T12:41:29.5320517Z [36;1m    assert pre["git"]["engine_python_sources_dirty"] is False, pre[0m
2026-09-06T12:41:29.5321983Z [36;1m    assert pre["git"]["trial_tool_dirty"] is False, pre[0m
2026-09-06T12:41:29.5323245Z [36;1m    engine = pre["engine_python_source"][0m
2026-09-06T12:41:29.5324350Z [36;1m    files = engine["files"][0m
2026-09-06T12:41:29.5325366Z [36;1m    assert set(engine) == {[0m
2026-09-06T12:41:29.5326360Z [36;1m        "schema",[0m
2026-09-06T12:41:29.5327360Z [36;1m        "files",[0m
2026-09-06T12:41:29.5328253Z [36;1m        "file_count",[0m
2026-09-06T12:41:29.5329179Z [36;1m        "total_bytes",[0m
2026-09-06T12:41:29.5330106Z [36;1m        "sha256",[0m
2026-09-06T12:41:29.5330977Z [36;1m    }, engine[0m
2026-09-06T12:41:29.5332251Z [36;1m    assert engine["schema"] == "zerorun.engine-python-source-identity.v1", engine[0m
2026-09-06T12:41:29.5333955Z [36;1m    assert re.fullmatch(r"[0-9a-f]{64}", engine["sha256"]), engine[0m
2026-09-06T12:41:29.5335406Z [36;1m    assert engine["file_count"] == len(files) > 0, engine[0m
2026-09-06T12:41:29.5336925Z [36;1m    assert engine["total_bytes"] == sum(row["size"] for row in files), engine[0m
2026-09-06T12:41:29.5338516Z [36;1m    assert [row["path"] for row in files] == sorted([0m
2026-09-06T12:41:29.5339722Z [36;1m        (row["path"] for row in files),[0m
2026-09-06T12:41:29.5340923Z [36;1m        key=lambda value: (value.casefold(), value),[0m
2026-09-06T12:41:29.5342031Z [36;1m    ), engine[0m
2026-09-06T12:41:29.5343076Z [36;1m    actual_sources = list(Path("zerorun").rglob("*.py"))[0m
2026-09-06T12:41:29.5344787Z [36;1m    assert all(path.is_file() and not path.is_symlink() for path in actual_sources), actual_sources[0m
2026-09-06T12:41:29.5346476Z [36;1m    assert [row["path"] for row in files] == sorted([0m
2026-09-06T12:41:29.5347846Z [36;1m        (path.as_posix() for path in actual_sources),[0m
2026-09-06T12:41:29.5349145Z [36;1m        key=lambda value: (value.casefold(), value),[0m
2026-09-06T12:41:29.5350297Z [36;1m    ), engine[0m
2026-09-06T12:41:29.5351160Z [36;1m    for file_row in files:[0m
2026-09-06T12:41:29.5352373Z [36;1m        assert set(file_row) == {"path", "size", "sha256"}, file_row[0m
2026-09-06T12:41:29.5353796Z [36;1m        assert isinstance(file_row["size"], int), file_row[0m
2026-09-06T12:41:29.5355343Z [36;1m        assert not isinstance(file_row["size"], bool), file_row[0m
2026-09-06T12:41:29.5356652Z [36;1m        assert file_row["size"] >= 0, file_row[0m
2026-09-06T12:41:29.5358103Z [36;1m        assert re.fullmatch(r"[0-9a-f]{64}", file_row["sha256"]), file_row[0m
2026-09-06T12:41:29.5359468Z [36;1m        relative = Path(file_row["path"])[0m
2026-09-06T12:41:29.5360909Z [36;1m        assert not relative.is_absolute() and ".." not in relative.parts, file_row[0m
2026-09-06T12:41:29.5362349Z [36;1m        raw = relative.read_bytes()[0m
2026-09-06T12:41:29.5363637Z [36;1m        assert len(raw) == file_row["size"], file_row[0m
2026-09-06T12:41:29.5365097Z [36;1m        assert hashlib.sha256(raw).hexdigest() == file_row["sha256"], file_row[0m
2026-09-06T12:41:29.5366579Z [36;1m    assert engine["sha256"] == canonical_sha256({[0m
2026-09-06T12:41:29.5367830Z [36;1m        "schema": engine["schema"],[0m
2026-09-06T12:41:29.5368860Z [36;1m        "files": files,[0m
2026-09-06T12:41:29.5369801Z [36;1m    }), engine[0m
2026-09-06T12:41:29.5370678Z [36;1m    tool = pre["trial_tool"][0m
2026-09-06T12:41:29.5371835Z [36;1m    assert set(tool) == {"path", "size", "sha256"}, tool[0m
2026-09-06T12:41:29.5373307Z [36;1m    assert tool["path"] == "tools/product_generalization_benchmark.py", tool[0m
2026-09-06T12:41:29.5375041Z [36;1m    assert isinstance(tool["size"], int) and not isinstance(tool["size"], bool), tool[0m
2026-09-06T12:41:29.5376492Z [36;1m    assert tool["size"] >= 0, tool[0m
2026-09-06T12:41:29.5377829Z [36;1m    assert re.fullmatch(r"[0-9a-f]{64}", tool["sha256"]), tool[0m
2026-09-06T12:41:29.5379154Z [36;1m    tool_raw = Path(tool["path"]).read_bytes()[0m
2026-09-06T12:41:29.5380358Z [36;1m    assert len(tool_raw) == tool["size"], tool[0m
2026-09-06T12:41:29.5381761Z [36;1m    assert hashlib.sha256(tool_raw).hexdigest() == tool["sha256"], tool[0m
2026-09-06T12:41:29.5383107Z [36;1m    identity_payload = dict(pre)[0m
2026-09-06T12:41:29.5384375Z [36;1m    identity_sha256 = identity_payload.pop("identity_sha256")[0m
2026-09-06T12:41:29.5385829Z [36;1m    assert re.fullmatch(r"[0-9a-f]{64}", identity_sha256), pre[0m
2026-09-06T12:41:29.5387411Z [36;1m    assert identity_sha256 == canonical_sha256(identity_payload), pre[0m
2026-09-06T12:41:29.5389109Z [36;1m    assert source["caller_expected_engine_sha"] == os.environ["GITHUB_SHA"], source[0m
2026-09-06T12:41:29.5391027Z [36;1m    assert source["caller_expected_engine_python_source_sha256"] == engine["sha256"], source[0m
2026-09-06T12:41:29.5392914Z [36;1m    assert source["caller_expected_trial_tool_sha256"] == tool["sha256"], source[0m
2026-09-06T12:41:29.5394268Z [36;1m[0m
2026-09-06T12:41:29.5395023Z [36;1mexpected = {[0m
2026-09-06T12:41:29.5395929Z [36;1m    "packaging": "old-regression",[0m
2026-09-06T12:41:29.5397115Z [36;1m    "pycparser": "old-regression",[0m
2026-09-06T12:41:29.5398209Z [36;1m    "colorama": "old-regression",[0m
2026-09-06T12:41:29.5399255Z [36;1m    "click": "new-unseen",[0m
2026-09-06T12:41:29.5400294Z [36;1m    "more-itertools": "new-unseen",[0m
2026-09-06T12:41:29.5401297Z [36;1m}[0m
2026-09-06T12:41:29.5402387Z [36;1mpaths = sorted(glob.glob("receipts/product-generalization-*.json"))[0m
2026-09-06T12:41:29.5403836Z [36;1mrows = [json.load(open(path)) for path in paths][0m
2026-09-06T12:41:29.5405051Z [36;1mby = {row["workload"]: row for row in rows}[0m
2026-09-06T12:41:29.5406293Z [36;1massert set(by) == set(expected), (paths, sorted(by))[0m
2026-09-06T12:41:29.5407579Z [36;1mexpected_lock = hashlib.sha256([0m
2026-09-06T12:41:29.5408932Z [36;1m    Path("ci/generalization-runtime-requirements.txt").read_bytes()[0m
2026-09-06T12:41:29.5410236Z [36;1m).hexdigest()[0m
2026-09-06T12:41:29.5411600Z [36;1massert expected_lock == os.environ["GENERALIZATION_RUNTIME_LOCK_SHA256"], expected_lock[0m
2026-09-06T12:41:29.5413043Z [36;1m[0m
2026-09-06T12:41:29.5413918Z [36;1mfor name, holdout_class in expected.items():[0m
2026-09-06T12:41:29.5414995Z [36;1m    row = by[name][0m
2026-09-06T12:41:29.5416332Z [36;1m    assert row["schema"] == "zerorun.product-generalization.v1", row[0m
2026-09-06T12:41:29.5417860Z [36;1m    assert row["holdout_class"] == holdout_class, row[0m
2026-09-06T12:41:29.5419056Z [36;1m    assert row["case_count"] == 20, row[0m
2026-09-06T12:41:29.5420323Z [36;1m    assert row["engine_sha"] == os.environ["GITHUB_SHA"], row[0m
2026-09-06T12:41:29.5421585Z [36;1m    validate_source_identity(row)[0m
2026-09-06T12:41:29.5422900Z [36;1m    assert row["runtime_requirements_sha256"] == expected_lock, row[0m
2026-09-06T12:41:29.5424645Z [36;1m    assert row["runtime_image"] == os.environ["GENERALIZATION_RUNTIME_IMAGE"], row[0m
2026-09-06T12:41:29.5426632Z [36;1m    assert row["runtime_python_implementation"] == os.environ["GENERALIZATION_RUNTIME_IMPLEMENTATION"], row[0m
2026-09-06T12:41:29.5428875Z [36;1m    assert row["runtime_python_version"] == os.environ["GENERALIZATION_RUNTIME_PYTHON_VERSION"], row[0m
2026-09-06T12:41:29.5432033Z [36;1m    assert row["runtime_python_attestation"] == "verified during the single hash-locked dependency-layer build; the exact pinned image and private read-only layer bytes are re-attested for each isolated trajectory", row[0m
2026-09-06T12:41:29.5434726Z [36;1m    validate_dependency_layer(row)[0m
2026-09-06T12:41:29.5436269Z [36;1m    assert row["activation_evidence_kind"] == "mechanical-synthetic-formative-fixture", row[0m
2026-09-06T12:41:29.5438087Z [36;1m    assert row["external_hmac_authority_created"] is False, row[0m
2026-09-06T12:41:29.5439377Z [36;1m    assert row["reference_gate"] == {[0m
2026-09-06T12:41:29.5440465Z [36;1m        "min_compute_efficiency": 5.0,[0m
2026-09-06T12:41:29.5441582Z [36;1m        "min_p95_reduction_percent": 50.0,[0m
2026-09-06T12:41:29.5442584Z [36;1m    }, row[0m
2026-09-06T12:41:29.5443375Z [36;1m[0m
2026-09-06T12:41:29.5444114Z [36;1massert len({[0m
2026-09-06T12:41:29.5445136Z [36;1m    by[name]["source_identity"]["pre"]["identity_sha256"][0m
2026-09-06T12:41:29.5446339Z [36;1m    for name in expected[0m
2026-09-06T12:41:29.5447332Z [36;1m}) == 1, by[0m
2026-09-06T12:41:29.5448121Z [36;1m[0m
2026-09-06T12:41:29.5449045Z [36;1mold_names = ("packaging", "pycparser", "colorama")[0m
2026-09-06T12:41:29.5450241Z [36;1mnew_names = ("click", "more-itertools")[0m
2026-09-06T12:41:29.5451692Z [36;1mold_pass = all(by[name].get("performance_gate_pass") is True for name in old_names)[0m
2026-09-06T12:41:29.5453482Z [36;1mnew_pass = all(by[name].get("performance_gate_pass") is True for name in new_names)[0m
2026-09-06T12:41:29.5455216Z [36;1msafety_pass = all(by[name].get("safety_pass") is True for name in expected)[0m
2026-09-06T12:41:29.5456672Z [36;1mall_five = old_pass and new_pass and safety_pass[0m
2026-09-06T12:41:29.5457839Z [36;1m[0m
2026-09-06T12:41:29.5458585Z [36;1mresult = {[0m
2026-09-06T12:41:29.5459678Z [36;1m    "schema": "zerorun.product-generalization.aggregate.v1",[0m
2026-09-06T12:41:29.5461119Z [36;1m    "engine_sha": next(iter(by.values())).get("engine_sha"),[0m
2026-09-06T12:41:29.5462449Z [36;1m    "runtime_requirements_sha256": expected_lock,[0m
2026-09-06T12:41:29.5463920Z [36;1m    "activation_evidence_kind": "mechanical-synthetic-formative-fixture",[0m
2026-09-06T12:41:29.5465376Z [36;1m    "external_hmac_authority_created": False,[0m
2026-09-06T12:41:29.5466459Z [36;1m    "protocol": ([0m
2026-09-06T12:41:29.5467815Z [36;1m        "three previously seen frozen holdouts rerun as regression evidence plus "[0m
2026-09-06T12:41:29.5469591Z [36;1m        "two repositories frozen before performance measurement; 20 first-parent "[0m
2026-09-06T12:41:29.5471288Z [36;1m        "transitions each; unchanged 5x compute / 50% p95 reference line; "[0m
2026-09-06T12:41:29.5472921Z [36;1m        "performance misses remain visible and are not release-gate passes"[0m
2026-09-06T12:41:29.5474209Z [36;1m    ),[0m
2026-09-06T12:41:29.5475016Z [36;1m    "reference_gate": {[0m
2026-09-06T12:41:29.5476224Z [36;1m        "min_compute_efficiency": 5.0,[0m
2026-09-06T12:41:29.5477414Z [36;1m        "min_p95_reduction_percent": 50.0,[0m
2026-09-06T12:41:29.5478433Z [36;1m    },[0m
2026-09-06T12:41:29.5479324Z [36;1m    "old_holdout_regression_pass": old_pass,[0m
2026-09-06T12:41:29.5480517Z [36;1m    "new_unseen_generalization_pass": new_pass,[0m
2026-09-06T12:41:29.5481691Z [36;1m    "all_safety_pass": safety_pass,[0m
2026-09-06T12:41:29.5482927Z [36;1m    "general_5x_claim_supported_by_this_suite": all_five,[0m
2026-09-06T12:41:29.5484209Z [36;1m    "release_gate": ([0m
2026-09-06T12:41:29.5485449Z [36;1m        "strict: every workload must pass safety, >=5x primary end-to-end "[0m
2026-09-06T12:41:29.5487172Z [36;1m        "plain-pytest-to-ZeroRun speedup, and >=50% p95 wall-time reduction"[0m
2026-09-06T12:41:29.5488489Z [36;1m    ),[0m
2026-09-06T12:41:29.5489426Z [36;1m    "workloads": [by[name] for name in expected],[0m
2026-09-06T12:41:29.5490488Z [36;1m}[0m
2026-09-06T12:41:29.5491657Z [36;1m# Persist the complete, schema-versioned aggregate before enforcing the[0m
2026-09-06T12:41:29.5493292Z [36;1m# strict release threshold.  A legitimate performance miss must fail[0m
2026-09-06T12:41:29.5494830Z [36;1m# this job, but its exact-SHA evidence must remain downloadable.[0m
2026-09-06T12:41:29.5496439Z [36;1mreceipt_path = Path("product-generalization-five-repo-receipt.json")[0m
2026-09-06T12:41:29.5497883Z [36;1mreceipt_path.write_text([0m
2026-09-06T12:41:29.5499138Z [36;1m    json.dumps(result, indent=2, sort_keys=True, allow_nan=False) + "\n",[0m
2026-09-06T12:41:29.5500451Z [36;1m    encoding="utf-8",[0m
2026-09-06T12:41:29.5501341Z [36;1m)[0m
2026-09-06T12:41:29.5502430Z [36;1m# Recompute the primary end-to-end totals, p95 statistic, setup-cost[0m
2026-09-06T12:41:29.5503977Z [36;1m# ledger, frozen workload identities, counterbalance, and shadow[0m
2026-09-06T12:41:29.5505508Z [36;1m# coverage from the raw rows before this exact-main gate can pass.[0m
2026-09-06T12:41:29.5506787Z [36;1m_validate_performance([0m
2026-09-06T12:41:29.5507795Z [36;1m    result,[0m
2026-09-06T12:41:29.5508727Z [36;1m    candidate_sha=os.environ["GITHUB_SHA"],[0m
2026-09-06T12:41:29.5509791Z [36;1m    root=Path("."),[0m
2026-09-06T12:41:29.5510661Z [36;1m)[0m
2026-09-06T12:41:29.5511387Z [36;1m[0m
2026-09-06T12:41:29.5512562Z [36;1mprint("| repo | class | primary end-to-end | p95 reduction | reuse | safety | 5x/50 |")[0m
2026-09-06T12:41:29.5514043Z [36;1mprint("|---|---|---:|---:|---:|---|---|")[0m
2026-09-06T12:41:29.5515112Z [36;1mfor name in expected:[0m
2026-09-06T12:41:29.5516037Z [36;1m    row = by[name][0m
2026-09-06T12:41:29.5516916Z [36;1m    print([0m
2026-09-06T12:41:29.5517920Z [36;1m        f"| {name} | {row['holdout_class']} | "[0m
2026-09-06T12:41:29.5519263Z [36;1m        f"{row.get('end_to_end_plain_pytest_to_zerorun_speedup', 0):.6f}x | "[0m
2026-09-06T12:41:29.5520684Z [36;1m        f"{row.get('p95_reduction_percent', 0):.3f}% | "[0m
2026-09-06T12:41:29.5521945Z [36;1m        f"{row.get('reuse_rate_percent', 0):.3f}% | "[0m
2026-09-06T12:41:29.5523215Z [36;1m        f"{'PASS' if row.get('safety_pass') else 'FAIL'} | "[0m
2026-09-06T12:41:29.5524600Z [36;1m        f"{'PASS' if row.get('performance_gate_pass') else 'MISS'} |"[0m
2026-09-06T12:41:29.5525778Z [36;1m    )[0m
2026-09-06T12:41:29.5526710Z [36;1mprint("old_holdout_regression_pass=", old_pass)[0m
2026-09-06T12:41:29.5528108Z [36;1mprint("new_unseen_generalization_pass=", new_pass)[0m
2026-09-06T12:41:29.5529497Z [36;1mprint("general_5x_claim_supported_by_this_suite=", all_five)[0m
2026-09-06T12:41:29.5530691Z [36;1m[0m
2026-09-06T12:41:29.5531450Z [36;1massert all_five, result[0m
2026-09-06T12:41:29.5532367Z [36;1mPY[0m
2026-09-06T12:41:29.5570745Z shell: /usr/bin/bash -e {0}
2026-09-06T12:41:29.5571643Z env:
2026-09-06T12:41:29.5572402Z   CODEX_NPM_VERSION: 0.153.3
2026-09-06T12:41:29.5574426Z   CODEX_NPM_INTEGRITY: sha512-SwQns+YIXvaXV4a6RUd9twgTPJkkfZpuTNEkTtIkwBnfw6fpT61+d6gU1WHZxK6vWFNqJCBoJEP69FIAsoPduA==
2026-09-06T12:41:29.5577525Z   CODEX_LINUX_X64_NPM_INTEGRITY: sha512-CyLvuM9Ij7sQuNtnHrzHtF+DtNISaauZZakyhy+MoFS1XxKTGv3FN4/qh6c94YZtLStZ7aUmfYQz59V3PV4zng==
2026-09-06T12:41:29.5579993Z   GENERALIZATION_RUNTIME_LOCK_SHA256: a04f815c62754114a0f0a4b7db15d02c920e7c7d006d813ac9955be00482c02c
2026-09-06T12:41:29.5582302Z   GENERALIZATION_RUNTIME_IMAGE: docker.io/library/python@sha256:9c47360a2a0355e2da18516d0b1c2126ec22c195d2185e97347c9d98398c5bef
2026-09-06T12:41:29.5584296Z   GENERALIZATION_RUNTIME_IMPLEMENTATION: CPython
2026-09-06T12:41:29.5585446Z   GENERALIZATION_RUNTIME_PYTHON_VERSION: 3.12.14
2026-09-06T12:41:29.5586485Z ##[endgroup]
2026-09-06T12:41:29.7204737Z Traceback (most recent call last):
2026-09-06T12:41:29.7206447Z   File "<stdin>", line 303, in <module>
2026-09-06T12:41:29.7210649Z   File "/home/runner/work/zerorun-mvp/zerorun-mvp/tools/validate_release_prerequisites.py", line 1865, in _validate_performance
2026-09-06T12:41:29.7213832Z     raise PrerequisiteError("aggregate five-repository performance gate did not pass")
2026-09-06T12:41:29.7216712Z tools.validate_release_prerequisites.PrerequisiteError: aggregate five-repository performance gate did not pass
2026-09-06T12:41:29.7346446Z ##[error]Process completed with exit code 1.
2026-09-06T12:41:29.7468388Z ##[group]Run actions/upload-artifact@043fb46d1a93c77aae656e7c1c64a875d1fc6a0a
2026-09-06T12:41:29.7469660Z with:
2026-09-06T12:41:29.7470532Z   name: product-generalization-five-repo-receipt
2026-09-06T12:41:29.7471797Z   path: product-generalization-five-repo-receipt.json
2026-09-06T12:41:29.7472916Z   if-no-files-found: error
2026-09-06T12:41:29.7473784Z   retention-days: 90
2026-09-06T12:41:29.7474597Z   compression-level: 6
2026-09-06T12:41:29.7475421Z   overwrite: false
2026-09-06T12:41:29.7476232Z   include-hidden-files: false
2026-09-06T12:41:29.7477220Z   archive: true
2026-09-06T12:41:29.7477968Z env:
2026-09-06T12:41:29.7478708Z   CODEX_NPM_VERSION: 0.153.3
2026-09-06T12:41:29.7480492Z   CODEX_NPM_INTEGRITY: sha512-SwQns+YIXvaXV4a6RUd9twgTPJkkfZpuTNEkTtIkwBnfw6fpT61+d6gU1WHZxK6vWFNqJCBoJEP69FIAsoPduA==
2026-09-06T12:41:29.7483243Z   CODEX_LINUX_X64_NPM_INTEGRITY: sha512-CyLvuM9Ij7sQuNtnHrzHtF+DtNISaauZZakyhy+MoFS1XxKTGv3FN4/qh6c94YZtLStZ7aUmfYQz59V3PV4zng==
2026-09-06T12:41:29.7485672Z   GENERALIZATION_RUNTIME_LOCK_SHA256: a04f815c62754114a0f0a4b7db15d02c920e7c7d006d813ac9955be00482c02c
2026-09-06T12:41:29.7488035Z   GENERALIZATION_RUNTIME_IMAGE: docker.io/library/python@sha256:9c47360a2a0355e2da18516d0b1c2126ec22c195d2185e97347c9d98398c5bef
2026-09-06T12:41:29.7489878Z   GENERALIZATION_RUNTIME_IMPLEMENTATION: CPython
2026-09-06T12:41:29.7491019Z   GENERALIZATION_RUNTIME_PYTHON_VERSION: 3.12.14
2026-09-06T12:41:29.7492038Z ##[endgroup]
2026-09-06T12:41:29.8800161Z With the provided path, there will be 1 file uploaded
2026-09-06T12:41:29.8803390Z Artifact name is valid!
2026-09-06T12:41:29.8805171Z Root directory input is valid!
2026-09-06T12:41:30.1266101Z Uploading artifact: product-generalization-five-repo-receipt.zip
2026-09-06T12:41:30.1266952Z Beginning upload of artifact content to blob storage
2026-09-06T12:41:30.2977967Z Uploaded bytes 87287
2026-09-06T12:41:30.3246817Z Finished uploading artifact content to blob storage!
2026-09-06T12:41:30.3249460Z SHA256 digest of uploaded artifact is 4ece984a08fe3e8e5793add1c45d171b9516daf5e54c7c0e11662201873ce598
2026-09-06T12:41:30.3250783Z Finalizing artifact upload
2026-09-06T12:41:30.5930683Z Artifact product-generalization-five-repo-receipt successfully finalized. Artifact ID 9989499595
2026-09-06T12:41:30.5932410Z Artifact product-generalization-five-repo-receipt has been successfully uploaded! Final size is 87287 bytes. Artifact ID is 9989499595
2026-09-06T12:41:30.5933890Z Artifact download URL: https://github.com/floxy-21/zerorun-mvp/actions/runs/34032505986/artifacts/9989499595
2026-09-06T12:41:30.6098709Z Post job cleanup.
2026-09-06T12:41:30.6893439Z [command]/usr/bin/git version
2026-09-06T12:41:30.6960106Z git version 2.55.0
2026-09-06T12:41:30.6987589Z Temporarily overriding HOME='/home/runner/work/_temp/5f0d34fb-ec3a-4bf7-9de2-a26b6ce93ad2' before making global git config changes
2026-09-06T12:41:30.6988889Z Adding repository directory to the temporary git global config as a safe directory
2026-09-06T12:41:30.6990231Z [command]/usr/bin/git config --global --add safe.directory /home/runner/work/zerorun-mvp/zerorun-mvp
2026-09-06T12:41:30.7071193Z Removing SSH command configuration
2026-09-06T12:41:30.7072115Z [command]/usr/bin/git config --local --name-only --get-regexp core\.sshCommand
2026-09-06T12:41:30.7076426Z [command]/usr/bin/git submodule foreach --recursive sh -c "git config --local --name-only --get-regexp 'core\.sshCommand' && git config --local --unset-all 'core.sshCommand' || :"
2026-09-06T12:41:30.7437715Z Removing HTTP extra header
2026-09-06T12:41:30.7438515Z [command]/usr/bin/git config --local --name-only --get-regexp http\.https\:\/\/github\.com\/\.extraheader
2026-09-06T12:41:30.7442894Z [command]/usr/bin/git submodule foreach --recursive sh -c "git config --local --name-only --get-regexp 'http\.https\:\/\/github\.com\/\.extraheader' && git config --local --unset-all 'http.https://github.com/.extraheader' || :"
2026-09-06T12:41:30.8011760Z Removing includeIf entries pointing to credentials config files
2026-09-06T12:41:30.8012854Z [command]/usr/bin/git config --local --name-only --get-regexp ^includeIf\.gitdir:
2026-09-06T12:41:30.8015570Z [command]/usr/bin/git submodule foreach --recursive git config --local --show-origin --name-only --get-regexp remote.origin.url
2026-09-06T12:41:30.8334125Z Cleaning up orphan processes

