[click trajectory=1 order=zerorun-then-plain 01/20] 7df2f82305 plain=4025.2ms zerorun=4725.4ms reused=0 fresh=109 shadow=PASS
[click trajectory=1 order=zerorun-then-plain 02/20] 333c28d79c plain=3719.6ms zerorun=4021.6ms reused=0 fresh=109 shadow=PASS
[click trajectory=1 order=zerorun-then-plain 03/20] cfa01eeb78 plain=3635.5ms zerorun=4227.1ms reused=0 fresh=109 shadow=PASS
[click trajectory=1 order=zerorun-then-plain 04/20] 5e906a8afb plain=3831.3ms zerorun=4790.8ms reused=0 fresh=109 shadow=PASS
[click trajectory=1 order=zerorun-then-plain 05/20] 398f915431 plain=3651.6ms zerorun=3512.4ms reused=0 fresh=109 shadow=PASS
[click trajectory=1 order=zerorun-then-plain 06/20] 42235de05e plain=3425.1ms zerorun=3979.1ms reused=0 fresh=109 shadow=PASS
[click trajectory=1 order=zerorun-then-plain 07/20] 5aa8ac4352 plain=3835.3ms zerorun=4124.8ms reused=0 fresh=109 shadow=PASS
[click trajectory=1 order=zerorun-then-plain 08/20] 00e592cea7 plain=3746.3ms zerorun=4484.6ms reused=0 fresh=109 shadow=PASS
[click trajectory=1 order=zerorun-then-plain 09/20] 9c4dfdaebe plain=3714.2ms zerorun=4341.3ms reused=0 fresh=109 shadow=PASS
[click trajectory=1 order=zerorun-then-plain 10/20] 8b44edfff7 plain=3604.9ms zerorun=4074.5ms reused=0 fresh=109 shadow=PASS
[click trajectory=1 order=zerorun-then-plain 11/20] 150d1071d6 plain=3790.6ms zerorun=4087.8ms reused=0 fresh=109 shadow=PASS
[click trajectory=1 order=zerorun-then-plain 12/20] fc5c7f45da plain=3736.2ms zerorun=4201.8ms reused=0 fresh=109 shadow=PASS
[click trajectory=1 order=zerorun-then-plain 13/20] cbd7a4109d plain=4098.9ms zerorun=3957.1ms reused=0 fresh=109 shadow=PASS
[click trajectory=1 order=zerorun-then-plain 14/20] f36d58bbd7 plain=3697.3ms zerorun=4260.5ms reused=0 fresh=109 shadow=PASS
[click trajectory=1 order=zerorun-then-plain 15/20] 61b69e967e plain=3743.6ms zerorun=4086.0ms reused=0 fresh=109 shadow=PASS
[click trajectory=1 order=zerorun-then-plain 16/20] 2103e15768 plain=3689.0ms zerorun=4338.2ms reused=0 fresh=109 shadow=PASS
[click trajectory=1 order=zerorun-then-plain 17/20] e1fd5946ab plain=3975.9ms zerorun=4609.9ms reused=0 fresh=109 shadow=PASS
[click trajectory=1 order=zerorun-then-plain 18/20] 2c8cd3ac95 plain=3755.2ms zerorun=4584.1ms reused=0 fresh=109 shadow=PASS
[click trajectory=1 order=zerorun-then-plain 19/20] 68e7ea7228 plain=3884.7ms zerorun=4336.1ms reused=0 fresh=109 shadow=PASS
[click trajectory=1 order=zerorun-then-plain 20/20] 36baa15ff8 plain=3012.0ms zerorun=3276.3ms reused=0 fresh=109 shadow=PASS
[click trajectory=2 order=plain-then-zerorun 01/20] 7df2f82305 plain=4800.8ms zerorun=5270.1ms reused=0 fresh=109 shadow=PASS
[click trajectory=2 order=plain-then-zerorun 02/20] 333c28d79c plain=4413.6ms zerorun=5238.2ms reused=0 fresh=109 shadow=PASS
[click trajectory=2 order=plain-then-zerorun 03/20] cfa01eeb78 plain=4259.4ms zerorun=5417.6ms reused=0 fresh=109 shadow=PASS
[click trajectory=2 order=plain-then-zerorun 04/20] 5e906a8afb plain=4777.7ms zerorun=6040.2ms reused=0 fresh=109 shadow=PASS
[click trajectory=2 order=plain-then-zerorun 05/20] 398f915431 plain=4856.2ms zerorun=4983.2ms reused=0 fresh=109 shadow=PASS
[click trajectory=2 order=plain-then-zerorun 06/20] 42235de05e plain=4315.3ms zerorun=4799.9ms reused=0 fresh=109 shadow=PASS
[click trajectory=2 order=plain-then-zerorun 07/20] 5aa8ac4352 plain=4048.2ms zerorun=5511.4ms reused=0 fresh=109 shadow=PASS
[click trajectory=2 order=plain-then-zerorun 08/20] 00e592cea7 plain=4087.6ms zerorun=5085.3ms reused=0 fresh=109 shadow=PASS
[click trajectory=2 order=plain-then-zerorun 09/20] 9c4dfdaebe plain=4199.7ms zerorun=4847.7ms reused=0 fresh=109 shadow=PASS
[click trajectory=2 order=plain-then-zerorun 10/20] 8b44edfff7 plain=3836.9ms zerorun=5796.2ms reused=0 fresh=109 shadow=PASS
[click trajectory=2 order=plain-then-zerorun 11/20] 150d1071d6 plain=4324.6ms zerorun=5942.0ms reused=0 fresh=109 shadow=PASS
[click trajectory=2 order=plain-then-zerorun 12/20] fc5c7f45da plain=4970.4ms zerorun=6202.7ms reused=0 fresh=109 shadow=PASS
[click trajectory=2 order=plain-then-zerorun 13/20] cbd7a4109d plain=4866.8ms zerorun=4470.1ms reused=0 fresh=109 shadow=PASS
[click trajectory=2 order=plain-then-zerorun 14/20] f36d58bbd7 plain=4037.7ms zerorun=3902.0ms reused=0 fresh=109 shadow=PASS
[click trajectory=2 order=plain-then-zerorun 15/20] 61b69e967e plain=4496.8ms zerorun=4410.4ms reused=0 fresh=109 shadow=PASS
[click trajectory=2 order=plain-then-zerorun 16/20] 2103e15768 plain=3838.3ms zerorun=4630.5ms reused=0 fresh=109 shadow=PASS
[click trajectory=2 order=plain-then-zerorun 17/20] e1fd5946ab plain=4124.0ms zerorun=4399.9ms reused=0 fresh=109 shadow=PASS
[click trajectory=2 order=plain-then-zerorun 18/20] 2c8cd3ac95 plain=3673.8ms zerorun=3408.6ms reused=0 fresh=109 shadow=PASS
[click trajectory=2 order=plain-then-zerorun 19/20] 68e7ea7228 plain=3512.2ms zerorun=4139.1ms reused=0 fresh=109 shadow=PASS
[click trajectory=2 order=plain-then-zerorun 20/20] 36baa15ff8 plain=3753.2ms zerorun=4303.3ms reused=0 fresh=109 shadow=PASS
{
  "cache_conflicts": 0,
  "holdout_class": "new-unseen",
  "p95_reduction_percent": -34.439,
  "performance_gate_pass": false,
  "reuse_rate_percent": 0.0,
  "safety_pass": true,
  "same_runner_compute_efficiency": 0.752233,
  "shadow_mismatches": 0,
  "stale_successes": 0,
  "workload": "click"
}
