[colorama trajectory=1 order=zerorun-then-plain 01/20] ab64cfac23 plain=3213.2ms zerorun=3688.7ms reused=0 fresh=52 shadow=PASS
[colorama trajectory=1 order=zerorun-then-plain 02/20] 52f4cfd7af plain=3555.9ms zerorun=3644.6ms reused=0 fresh=52 shadow=PASS
[colorama trajectory=1 order=zerorun-then-plain 03/20] 0ae5ef2f9a plain=3216.7ms zerorun=3589.8ms reused=0 fresh=52 shadow=PASS
[colorama trajectory=1 order=zerorun-then-plain 04/20] 7991d34773 plain=3126.5ms zerorun=3592.1ms reused=0 fresh=52 shadow=PASS
[colorama trajectory=1 order=zerorun-then-plain 05/20] 54b89c33b2 plain=3428.0ms zerorun=3726.1ms reused=0 fresh=52 shadow=PASS
[colorama trajectory=1 order=zerorun-then-plain 06/20] 832f14ce9a plain=3315.6ms zerorun=3772.2ms reused=0 fresh=52 shadow=PASS
[colorama trajectory=1 order=zerorun-then-plain 07/20] cb83041b25 plain=3406.7ms zerorun=3597.1ms reused=0 fresh=52 shadow=PASS
[colorama trajectory=1 order=zerorun-then-plain 08/20] f55f72e9d3 plain=4337.2ms zerorun=3640.5ms reused=0 fresh=52 shadow=PASS
[colorama trajectory=1 order=zerorun-then-plain 09/20] a45949b325 plain=3123.0ms zerorun=3644.4ms reused=0 fresh=52 shadow=PASS
[colorama trajectory=1 order=zerorun-then-plain 10/20] 3de9f013df plain=3115.7ms zerorun=4054.7ms reused=0 fresh=52 shadow=PASS
[colorama trajectory=1 order=zerorun-then-plain 11/20] 6f03975cc9 plain=3152.7ms zerorun=4106.1ms reused=0 fresh=52 shadow=PASS
[colorama trajectory=1 order=zerorun-then-plain 12/20] 43491734a4 plain=3163.6ms zerorun=3666.7ms reused=0 fresh=52 shadow=PASS
[colorama trajectory=1 order=zerorun-then-plain 13/20] 21c4b94fe2 plain=3164.3ms zerorun=4144.7ms reused=0 fresh=52 shadow=PASS
[colorama trajectory=1 order=zerorun-then-plain 14/20] 7f1a593385 plain=3999.9ms zerorun=3733.7ms reused=0 fresh=52 shadow=PASS
[colorama trajectory=1 order=zerorun-then-plain 15/20] 136808718a plain=3400.9ms zerorun=3747.2ms reused=0 fresh=52 shadow=PASS
[colorama trajectory=1 order=zerorun-then-plain 16/20] d33ab03f50 plain=3157.5ms zerorun=3814.8ms reused=0 fresh=52 shadow=PASS
[colorama trajectory=1 order=zerorun-then-plain 17/20] e6fba72abf plain=3218.7ms zerorun=3771.0ms reused=0 fresh=52 shadow=PASS
[colorama trajectory=1 order=zerorun-then-plain 18/20] 4dff0bb325 plain=3181.2ms zerorun=3584.8ms reused=0 fresh=52 shadow=PASS
[colorama trajectory=1 order=zerorun-then-plain 19/20] 406153f134 plain=3587.9ms zerorun=4037.1ms reused=0 fresh=52 shadow=PASS
[colorama trajectory=1 order=zerorun-then-plain 20/20] 841634ed2a plain=3431.0ms zerorun=5388.4ms reused=0 fresh=52 shadow=PASS
[colorama trajectory=2 order=plain-then-zerorun 01/20] ab64cfac23 plain=3340.1ms zerorun=3781.4ms reused=0 fresh=52 shadow=PASS
[colorama trajectory=2 order=plain-then-zerorun 02/20] 52f4cfd7af plain=3324.2ms zerorun=3948.5ms reused=0 fresh=52 shadow=PASS
[colorama trajectory=2 order=plain-then-zerorun 03/20] 0ae5ef2f9a plain=3377.1ms zerorun=3857.1ms reused=0 fresh=52 shadow=PASS
[colorama trajectory=2 order=plain-then-zerorun 04/20] 7991d34773 plain=3215.9ms zerorun=3736.0ms reused=0 fresh=52 shadow=PASS
[colorama trajectory=2 order=plain-then-zerorun 05/20] 54b89c33b2 plain=4722.5ms zerorun=6011.9ms reused=0 fresh=52 shadow=PASS
[colorama trajectory=2 order=plain-then-zerorun 06/20] 832f14ce9a plain=4224.7ms zerorun=4631.1ms reused=0 fresh=52 shadow=PASS
[colorama trajectory=2 order=plain-then-zerorun 07/20] cb83041b25 plain=6897.7ms zerorun=5860.2ms reused=0 fresh=52 shadow=PASS
[colorama trajectory=2 order=plain-then-zerorun 08/20] f55f72e9d3 plain=4302.7ms zerorun=3993.9ms reused=0 fresh=52 shadow=PASS
[colorama trajectory=2 order=plain-then-zerorun 09/20] a45949b325 plain=3224.1ms zerorun=3638.3ms reused=0 fresh=52 shadow=PASS
[colorama trajectory=2 order=plain-then-zerorun 10/20] 3de9f013df plain=2832.1ms zerorun=3322.1ms reused=0 fresh=52 shadow=PASS
[colorama trajectory=2 order=plain-then-zerorun 11/20] 6f03975cc9 plain=3634.1ms zerorun=3951.7ms reused=0 fresh=52 shadow=PASS
[colorama trajectory=2 order=plain-then-zerorun 12/20] 43491734a4 plain=3009.4ms zerorun=3886.6ms reused=0 fresh=52 shadow=PASS
[colorama trajectory=2 order=plain-then-zerorun 13/20] 21c4b94fe2 plain=3540.4ms zerorun=3792.9ms reused=0 fresh=52 shadow=PASS
[colorama trajectory=2 order=plain-then-zerorun 14/20] 7f1a593385 plain=3393.0ms zerorun=3767.9ms reused=0 fresh=52 shadow=PASS
[colorama trajectory=2 order=plain-then-zerorun 15/20] 136808718a plain=3003.6ms zerorun=3519.3ms reused=0 fresh=52 shadow=PASS
[colorama trajectory=2 order=plain-then-zerorun 16/20] d33ab03f50 plain=3073.5ms zerorun=3797.5ms reused=0 fresh=52 shadow=PASS
[colorama trajectory=2 order=plain-then-zerorun 17/20] e6fba72abf plain=3276.2ms zerorun=3585.9ms reused=0 fresh=52 shadow=PASS
[colorama trajectory=2 order=plain-then-zerorun 18/20] 4dff0bb325 plain=3701.3ms zerorun=3480.2ms reused=0 fresh=52 shadow=PASS
[colorama trajectory=2 order=plain-then-zerorun 19/20] 406153f134 plain=3414.8ms zerorun=3942.8ms reused=0 fresh=52 shadow=PASS
[colorama trajectory=2 order=plain-then-zerorun 20/20] 841634ed2a plain=3715.6ms zerorun=3980.3ms reused=0 fresh=52 shadow=PASS
{
  "cache_conflicts": 0,
  "holdout_class": "old-regression",
  "p95_reduction_percent": -14.922,
  "performance_gate_pass": false,
  "reuse_rate_percent": 0.0,
  "safety_pass": true,
  "same_runner_compute_efficiency": 0.845559,
  "shadow_mismatches": 0,
  "stale_successes": 0,
  "workload": "colorama"
}
