[packaging trajectory=1 order=zerorun-then-plain 01/20] 3c6e2aabd7 plain=4013.4ms zerorun=5066.2ms reused=0 fresh=237 shadow=PASS
[packaging trajectory=1 order=zerorun-then-plain 02/20] 4794f1c9b4 plain=4073.5ms zerorun=4547.1ms reused=0 fresh=237 shadow=PASS
[packaging trajectory=1 order=zerorun-then-plain 03/20] ef91ddbe68 plain=4174.1ms zerorun=4909.8ms reused=0 fresh=237 shadow=PASS
[packaging trajectory=1 order=zerorun-then-plain 04/20] 2945ea803e plain=4326.7ms zerorun=4619.9ms reused=0 fresh=237 shadow=PASS
[packaging trajectory=1 order=zerorun-then-plain 05/20] 902ca322a7 plain=3986.8ms zerorun=4677.2ms reused=0 fresh=237 shadow=PASS
[packaging trajectory=1 order=zerorun-then-plain 06/20] f8630ea2b7 plain=4642.9ms zerorun=4902.1ms reused=0 fresh=237 shadow=PASS
[packaging trajectory=1 order=zerorun-then-plain 07/20] de6580e6f0 plain=5615.2ms zerorun=5554.2ms reused=0 fresh=237 shadow=PASS
[packaging trajectory=1 order=zerorun-then-plain 08/20] f14a093325 plain=3775.6ms zerorun=5635.2ms reused=0 fresh=237 shadow=PASS
[packaging trajectory=1 order=zerorun-then-plain 09/20] f173f774d8 plain=4399.2ms zerorun=4469.0ms reused=0 fresh=237 shadow=PASS
[packaging trajectory=1 order=zerorun-then-plain 10/20] 9645290b6c plain=3979.1ms zerorun=4655.1ms reused=0 fresh=237 shadow=PASS
[packaging trajectory=1 order=zerorun-then-plain 11/20] e722a4a761 plain=4107.8ms zerorun=4460.0ms reused=0 fresh=237 shadow=PASS
[packaging trajectory=1 order=zerorun-then-plain 12/20] 56dd80bca9 plain=3740.6ms zerorun=4720.0ms reused=0 fresh=237 shadow=PASS
[packaging trajectory=1 order=zerorun-then-plain 13/20] 4f06072287 plain=3746.6ms zerorun=4318.6ms reused=0 fresh=237 shadow=PASS
[packaging trajectory=1 order=zerorun-then-plain 14/20] 4840c3a681 plain=3687.6ms zerorun=4359.1ms reused=0 fresh=237 shadow=PASS
[packaging trajectory=1 order=zerorun-then-plain 15/20] 55cbf1b942 plain=3624.5ms zerorun=4268.5ms reused=0 fresh=237 shadow=PASS
[packaging trajectory=1 order=zerorun-then-plain 16/20] 053c884615 plain=3868.3ms zerorun=4727.7ms reused=0 fresh=238 shadow=PASS
[packaging trajectory=1 order=zerorun-then-plain 17/20] b9d249f585 plain=3671.2ms zerorun=4515.5ms reused=0 fresh=238 shadow=PASS
[packaging trajectory=1 order=zerorun-then-plain 18/20] de7d962e83 plain=4170.9ms zerorun=4659.0ms reused=0 fresh=238 shadow=PASS
[packaging trajectory=1 order=zerorun-then-plain 19/20] bb935cfac9 plain=3797.5ms zerorun=4556.6ms reused=0 fresh=238 shadow=PASS
[packaging trajectory=1 order=zerorun-then-plain 20/20] 10590c194e plain=4470.9ms zerorun=5085.0ms reused=0 fresh=238 shadow=PASS
[packaging trajectory=2 order=plain-then-zerorun 01/20] 3c6e2aabd7 plain=4077.6ms zerorun=4500.0ms reused=0 fresh=237 shadow=PASS
[packaging trajectory=2 order=plain-then-zerorun 02/20] 4794f1c9b4 plain=3453.1ms zerorun=4717.5ms reused=0 fresh=237 shadow=PASS
[packaging trajectory=2 order=plain-then-zerorun 03/20] ef91ddbe68 plain=4194.3ms zerorun=4614.7ms reused=0 fresh=237 shadow=PASS
[packaging trajectory=2 order=plain-then-zerorun 04/20] 2945ea803e plain=3640.1ms zerorun=4506.8ms reused=0 fresh=237 shadow=PASS
[packaging trajectory=2 order=plain-then-zerorun 05/20] 902ca322a7 plain=3842.4ms zerorun=4847.7ms reused=0 fresh=237 shadow=PASS
[packaging trajectory=2 order=plain-then-zerorun 06/20] f8630ea2b7 plain=4486.8ms zerorun=5737.6ms reused=0 fresh=237 shadow=PASS
[packaging trajectory=2 order=plain-then-zerorun 07/20] de6580e6f0 plain=4711.7ms zerorun=5372.3ms reused=0 fresh=237 shadow=PASS
[packaging trajectory=2 order=plain-then-zerorun 08/20] f14a093325 plain=5447.3ms zerorun=5165.6ms reused=0 fresh=237 shadow=PASS
[packaging trajectory=2 order=plain-then-zerorun 09/20] f173f774d8 plain=4450.7ms zerorun=5768.6ms reused=0 fresh=237 shadow=PASS
[packaging trajectory=2 order=plain-then-zerorun 10/20] 9645290b6c plain=4700.8ms zerorun=5451.7ms reused=0 fresh=237 shadow=PASS
[packaging trajectory=2 order=plain-then-zerorun 11/20] e722a4a761 plain=4005.7ms zerorun=5277.5ms reused=0 fresh=237 shadow=PASS
[packaging trajectory=2 order=plain-then-zerorun 12/20] 56dd80bca9 plain=3977.8ms zerorun=5161.9ms reused=0 fresh=237 shadow=PASS
[packaging trajectory=2 order=plain-then-zerorun 13/20] 4f06072287 plain=4313.4ms zerorun=4545.3ms reused=0 fresh=237 shadow=PASS
[packaging trajectory=2 order=plain-then-zerorun 14/20] 4840c3a681 plain=3697.0ms zerorun=4172.2ms reused=0 fresh=237 shadow=PASS
[packaging trajectory=2 order=plain-then-zerorun 15/20] 55cbf1b942 plain=3804.8ms zerorun=4896.4ms reused=0 fresh=237 shadow=PASS
[packaging trajectory=2 order=plain-then-zerorun 16/20] 053c884615 plain=3834.7ms zerorun=4761.6ms reused=0 fresh=238 shadow=PASS
[packaging trajectory=2 order=plain-then-zerorun 17/20] b9d249f585 plain=3841.7ms zerorun=4500.7ms reused=0 fresh=238 shadow=PASS
[packaging trajectory=2 order=plain-then-zerorun 18/20] de7d962e83 plain=3724.1ms zerorun=4331.6ms reused=0 fresh=238 shadow=PASS
[packaging trajectory=2 order=plain-then-zerorun 19/20] bb935cfac9 plain=4405.7ms zerorun=4411.2ms reused=0 fresh=238 shadow=PASS
[packaging trajectory=2 order=plain-then-zerorun 20/20] 10590c194e plain=3936.8ms zerorun=5129.4ms reused=0 fresh=238 shadow=PASS
{
  "cache_conflicts": 0,
  "holdout_class": "old-regression",
  "p95_reduction_percent": -29.72,
  "performance_gate_pass": false,
  "reuse_rate_percent": 0.0,
  "safety_pass": true,
  "same_runner_compute_efficiency": 0.763032,
  "shadow_mismatches": 0,
  "stale_successes": 0,
  "workload": "packaging"
}
