[pycparser trajectory=1 order=zerorun-then-plain 01/20] 20306a2d3c plain=3328.1ms zerorun=3419.2ms reused=0 fresh=59 shadow=PASS
[pycparser trajectory=1 order=zerorun-then-plain 02/20] 092bfe60b2 plain=2963.2ms zerorun=3524.2ms reused=0 fresh=59 shadow=PASS
[pycparser trajectory=1 order=zerorun-then-plain 03/20] b05ad63a26 plain=2990.5ms zerorun=3461.3ms reused=0 fresh=59 shadow=PASS
[pycparser trajectory=1 order=zerorun-then-plain 04/20] d1399730ee plain=3102.6ms zerorun=3647.9ms reused=0 fresh=59 shadow=PASS
[pycparser trajectory=1 order=zerorun-then-plain 05/20] 9cd0027f87 plain=3339.9ms zerorun=3520.3ms reused=0 fresh=60 shadow=PASS
[pycparser trajectory=1 order=zerorun-then-plain 06/20] 8c219ec62e plain=2880.3ms zerorun=3411.9ms reused=0 fresh=60 shadow=PASS
[pycparser trajectory=1 order=zerorun-then-plain 07/20] 76a93395c2 plain=3633.7ms zerorun=3465.7ms reused=0 fresh=60 shadow=PASS
[pycparser trajectory=1 order=zerorun-then-plain 08/20] bed9e4cbf0 plain=3128.3ms zerorun=3664.8ms reused=0 fresh=60 shadow=PASS
[pycparser trajectory=1 order=zerorun-then-plain 09/20] fe398c14f8 plain=3164.2ms zerorun=3700.7ms reused=0 fresh=60 shadow=PASS
[pycparser trajectory=1 order=zerorun-then-plain 10/20] 9d14b1595a plain=5295.4ms zerorun=3586.5ms reused=0 fresh=60 shadow=PASS
[pycparser trajectory=1 order=zerorun-then-plain 11/20] 63a4e9c906 plain=4162.3ms zerorun=5455.8ms reused=0 fresh=60 shadow=PASS
[pycparser trajectory=1 order=zerorun-then-plain 12/20] 89c9f3d864 plain=4629.9ms zerorun=5057.1ms reused=0 fresh=60 shadow=PASS
[pycparser trajectory=1 order=zerorun-then-plain 13/20] 313d292c37 plain=3170.1ms zerorun=4486.0ms reused=0 fresh=61 shadow=PASS
[pycparser trajectory=1 order=zerorun-then-plain 14/20] 9e8fccaf67 plain=3449.5ms zerorun=3482.0ms reused=0 fresh=61 shadow=PASS
[pycparser trajectory=1 order=zerorun-then-plain 15/20] 5d07ae81d8 plain=3117.7ms zerorun=3677.4ms reused=0 fresh=61 shadow=PASS
[pycparser trajectory=1 order=zerorun-then-plain 16/20] eb80ed2f8b plain=3218.9ms zerorun=3383.5ms reused=0 fresh=61 shadow=PASS
[pycparser trajectory=1 order=zerorun-then-plain 17/20] ff1bf54def plain=3168.3ms zerorun=3566.3ms reused=0 fresh=61 shadow=PASS
[pycparser trajectory=1 order=zerorun-then-plain 18/20] 731b3ae203 plain=4761.9ms zerorun=5057.4ms reused=0 fresh=61 shadow=PASS
[pycparser trajectory=1 order=zerorun-then-plain 19/20] 450ccd451b plain=4844.6ms zerorun=5043.9ms reused=0 fresh=61 shadow=PASS
[pycparser trajectory=1 order=zerorun-then-plain 20/20] 10d17757e2 plain=3742.4ms zerorun=3904.8ms reused=0 fresh=61 shadow=PASS
[pycparser trajectory=2 order=plain-then-zerorun 01/20] 20306a2d3c plain=3414.9ms zerorun=3778.6ms reused=0 fresh=59 shadow=PASS
[pycparser trajectory=2 order=plain-then-zerorun 02/20] 092bfe60b2 plain=3321.1ms zerorun=4059.9ms reused=0 fresh=59 shadow=PASS
[pycparser trajectory=2 order=plain-then-zerorun 03/20] b05ad63a26 plain=3538.5ms zerorun=4549.9ms reused=0 fresh=59 shadow=PASS
[pycparser trajectory=2 order=plain-then-zerorun 04/20] d1399730ee plain=3292.8ms zerorun=3949.7ms reused=0 fresh=59 shadow=PASS
[pycparser trajectory=2 order=plain-then-zerorun 05/20] 9cd0027f87 plain=3805.7ms zerorun=4859.2ms reused=0 fresh=60 shadow=PASS
[pycparser trajectory=2 order=plain-then-zerorun 06/20] 8c219ec62e plain=3275.2ms zerorun=3772.2ms reused=0 fresh=60 shadow=PASS
[pycparser trajectory=2 order=plain-then-zerorun 07/20] 76a93395c2 plain=3218.4ms zerorun=3728.3ms reused=0 fresh=60 shadow=PASS
[pycparser trajectory=2 order=plain-then-zerorun 08/20] bed9e4cbf0 plain=3624.2ms zerorun=3813.4ms reused=0 fresh=60 shadow=PASS
[pycparser trajectory=2 order=plain-then-zerorun 09/20] fe398c14f8 plain=3368.3ms zerorun=3859.9ms reused=0 fresh=60 shadow=PASS
[pycparser trajectory=2 order=plain-then-zerorun 10/20] 9d14b1595a plain=3951.3ms zerorun=3795.7ms reused=0 fresh=60 shadow=PASS
[pycparser trajectory=2 order=plain-then-zerorun 11/20] 63a4e9c906 plain=3178.1ms zerorun=3689.4ms reused=0 fresh=60 shadow=PASS
[pycparser trajectory=2 order=plain-then-zerorun 12/20] 89c9f3d864 plain=3588.6ms zerorun=3749.4ms reused=0 fresh=60 shadow=PASS
[pycparser trajectory=2 order=plain-then-zerorun 13/20] 313d292c37 plain=3370.1ms zerorun=3858.8ms reused=0 fresh=61 shadow=PASS
[pycparser trajectory=2 order=plain-then-zerorun 14/20] 9e8fccaf67 plain=3218.4ms zerorun=3721.5ms reused=0 fresh=61 shadow=PASS
[pycparser trajectory=2 order=plain-then-zerorun 15/20] 5d07ae81d8 plain=3257.1ms zerorun=3758.0ms reused=0 fresh=61 shadow=PASS
[pycparser trajectory=2 order=plain-then-zerorun 16/20] eb80ed2f8b plain=3544.7ms zerorun=4341.5ms reused=0 fresh=61 shadow=PASS
[pycparser trajectory=2 order=plain-then-zerorun 17/20] ff1bf54def plain=3229.6ms zerorun=3432.3ms reused=0 fresh=61 shadow=PASS
[pycparser trajectory=2 order=plain-then-zerorun 18/20] 731b3ae203 plain=3114.9ms zerorun=3508.1ms reused=0 fresh=61 shadow=PASS
[pycparser trajectory=2 order=plain-then-zerorun 19/20] 450ccd451b plain=3015.7ms zerorun=3416.8ms reused=0 fresh=61 shadow=PASS
[pycparser trajectory=2 order=plain-then-zerorun 20/20] 10d17757e2 plain=3657.1ms zerorun=3526.9ms reused=0 fresh=61 shadow=PASS
{
  "cache_conflicts": 0,
  "holdout_class": "old-regression",
  "p95_reduction_percent": -26.401,
  "performance_gate_pass": false,
  "reuse_rate_percent": 0.0,
  "safety_pass": true,
  "same_runner_compute_efficiency": 0.753787,
  "shadow_mismatches": 0,
  "stale_successes": 0,
  "workload": "pycparser"
}
