{"command": "environment", "returncode": 0, "timed_out": false}
{"command": "docker-version", "returncode": 0, "timed_out": false}
{"command": "harness-init", "returncode": 0, "timed_out": false}
{"command": "harness-autocrlf", "returncode": 0, "timed_out": false}
{"command": "harness-remote", "returncode": 0, "timed_out": false}
{"command": "harness-promisor", "returncode": 0, "timed_out": false}
{"command": "harness-filter", "returncode": 0, "timed_out": false}
{"command": "harness-sparse-init", "returncode": 0, "timed_out": false}
{"command": "harness-sparse-set", "returncode": 0, "timed_out": false}
{"command": "harness-fetch", "returncode": 0, "timed_out": false}
{"command": "harness-checkout", "returncode": 0, "timed_out": false}
{"command": "harness-head-before", "returncode": 0, "timed_out": false}
{"command": "harness-status-before", "returncode": 0, "timed_out": false}
{"command": "engine-init", "returncode": 0, "timed_out": false}
{"command": "engine-autocrlf", "returncode": 0, "timed_out": false}
{"command": "engine-remote", "returncode": 0, "timed_out": false}
{"command": "engine-promisor", "returncode": 0, "timed_out": false}
{"command": "engine-filter", "returncode": 0, "timed_out": false}
{"command": "engine-sparse-init", "returncode": 0, "timed_out": false}
{"command": "engine-sparse-set", "returncode": 0, "timed_out": false}
{"command": "engine-fetch", "returncode": 0, "timed_out": false}
{"command": "engine-checkout", "returncode": 0, "timed_out": false}
{"command": "engine-head-before", "returncode": 0, "timed_out": false}
{"command": "engine-status-before", "returncode": 0, "timed_out": false}
{"command": "base-preexisting", "returncode": 0, "timed_out": false}
{"command": "registry-preexisting", "returncode": 0, "timed_out": false}
{"command": "acquire-base", "returncode": 0, "timed_out": false}
{"command": "acquire-registry", "returncode": 0, "timed_out": false}
{"command": "fresh-image-build-no-cache", "returncode": 0, "timed_out": false}
{"command": "main-clean", "returncode": 0, "timed_out": false}
{"command": "harness-head-after", "returncode": 0, "timed_out": false}
{"command": "harness-status-after", "returncode": 0, "timed_out": false}
{"command": "engine-head-after", "returncode": 0, "timed_out": false}
{"command": "engine-status-after", "returncode": 0, "timed_out": false}
{"bytes": 2228117, "error": null, "passed": true, "path": "/home/floxy/zerorun-application-revision-20260907-v3/record-only.tar.gz", "sha256": "6f4583fb8a61a947e58e21edaf0977e0d7a8373e89dd35dd86d39ff297da32c4", "within_20_mib": true}
