[
    {
        "Id": "sha256:9c47360a2a0355e2da18516d0b1c2126ec22c195d2185e97347c9d98398c5bef",
        "RepoTags": [
            "python@sha256:9c47360a2a0355e2da18516d0b1c2126ec22c195d2185e97347c9d98398c5bef"
        ],
        "RepoDigests": [
            "python@sha256:9c47360a2a0355e2da18516d0b1c2126ec22c195d2185e97347c9d98398c5bef"
        ],
        "Comment": "buildkit.dockerfile.v0",
        "Created": "2026-09-01T00:12:51.874345198Z",
        "Config": {
            "Env": [
                "PATH=/usr/local/bin:/usr/local/sbin:/usr/local/bin:/usr/sbin:/usr/bin:/sbin:/bin",
                "LANG=C.UTF-8",
                "GPG_KEY=7169605F62C751356D054A26A821E680E5FA6305",
                "PYTHON_VERSION=3.12.14",
                "PYTHON_SHA256=5c8462af5790baf43a321a1559dbe0db06d1be4300fb85fb53c40060668e548a"
            ],
            "Cmd": [
                "python3"
            ]
        },
        "Architecture": "amd64",
        "Os": "linux",
        "Size": 45445721,
        "RootFS": {
            "Type": "layers",
            "Layers": [
                "sha256:1d69a5fd31932841d7825ef4780c06f008eea65aaa9f3110fe09d5832ed5c7d8",
                "sha256:32488c65fb2595aaf67371142ffe3ffdc39660ab83b4cfb35ebd9fdf751997ff",
                "sha256:4a3d4f8d9fbb21dbb593489962d9f6a77bb0086315a5d3c66e67738fdf27029b",
                "sha256:38ed9d88ee80c1d99e220af90592650b2b4126bd5bcfa2612df3fdeb42e8844c"
            ]
        },
        "Metadata": {
            "LastTagTime": "2026-09-07T08:36:58.676827638Z"
        },
        "Descriptor": {
            "mediaType": "application/vnd.oci.image.manifest.v1+json",
            "digest": "sha256:9c47360a2a0355e2da18516d0b1c2126ec22c195d2185e97347c9d98398c5bef",
            "size": 1752
        }
    }
]
