[
    {
        "Id": "sha256:46faa9a1ae6813194b53921a370f2f4f8c5e1aae228a89bceafef5847a6a3278",
        "RepoTags": [
            "registry@sha256:46faa9a1ae6813194b53921a370f2f4f8c5e1aae228a89bceafef5847a6a3278"
        ],
        "RepoDigests": [
            "registry@sha256:46faa9a1ae6813194b53921a370f2f4f8c5e1aae228a89bceafef5847a6a3278"
        ],
        "Comment": "buildkit.dockerfile.v0",
        "Created": "2023-10-02T18:42:41Z",
        "Config": {
            "ExposedPorts": {
                "5000/tcp": {}
            },
            "Env": [
                "PATH=/usr/local/sbin:/usr/local/bin:/usr/sbin:/usr/bin:/sbin:/bin"
            ],
            "Entrypoint": [
                "/entrypoint.sh"
            ],
            "Cmd": [
                "/etc/docker/registry/config.yml"
            ],
            "Volumes": {
                "/var/lib/registry": {}
            },
            "WorkingDir": "/"
        },
        "Architecture": "amd64",
        "Os": "linux",
        "Size": 10123599,
        "RootFS": {
            "Type": "layers",
            "Layers": [
                "sha256:f44f286046d9443b2aeb895c0e1f4e688698247427bca4d15112c8e3432a803e",
                "sha256:f646c8e10325628ebf7e4e4e29504f6507573a4d08b6ec91d8ff0fd92b8e1a71",
                "sha256:811f3777554af05e129c61a8a5560c14039294055eaed4fb3b5d71537a22d694",
                "sha256:858f5c95b990e95d446a3688ef63d976fc9eb2fbc2061f4bfb14ae307df8b92f",
                "sha256:53c600587fd6fd570e1729c8b5b15df1352aef33a97ff2def12351d53754b3ea"
            ]
        },
        "Metadata": {
            "LastTagTime": "2026-09-07T08:36:59.391710029Z"
        },
        "Descriptor": {
            "mediaType": "application/vnd.oci.image.manifest.v1+json",
            "digest": "sha256:46faa9a1ae6813194b53921a370f2f4f8c5e1aae228a89bceafef5847a6a3278",
            "size": 1915
        }
    }
]
